<html>
<body>
<pre>
<h1>µVision Build Log</h1>
<h2>Tool Versions:</h2>
IDE-Version: ¦ÌVision V5.24.2.0
Copyright (C) 2017 ARM Ltd and ARM Germany GmbH. All rights reserved.
License Information: a a, a, LIC=VGX2Z-JSCUP-3MJ9Q-NTYJY-BCKLS-15JYA
 
Tool Versions:
Toolchain:       MDK-ARM Plus  Version: 5.24.1
Toolchain Path:  C:\Keil_v5\ARM\ARMCC\Bin
C Compiler:      Armcc.exe V5.06 update 5 (build 528)
Assembler:       Armasm.exe V5.06 update 5 (build 528)
Linker/Locator:  ArmLink.exe V5.06 update 5 (build 528)
Library Manager: ArmAr.exe V5.06 update 5 (build 528)
Hex Converter:   FromElf.exe V5.06 update 5 (build 528)
CPU DLL:         SARMCM3.DLL V5.24.1
Dialog DLL:      DCM.DLL V1.16.0.0
Target DLL:      Segger\JL2CM3.dll V2.97.0.0
Dialog DLL:      TCM.DLL V1.32.0.0
 
<h2>Project:</h2>
C:\Users\Administrator\Desktop\Cloud Disk\CluB\EVB_M1\STM32 Code\STM32L431Rx NBM1 Cube V1.0\STM32L431RxTx\MDK-ARM\STM32L431RxTx.uvprojx
Project File Date:  11/05/2017

<h2>Output:</h2>
*** Using Compiler 'V5.06 update 5 (build 528)', folder: 'C:\Keil_v5\ARM\ARMCC\Bin'
Build target 'STM32L431RxTx'
assembling startup_stm32l431xx.s...
compiling gpio.c...
compiling stm32l4xx_it.c...
compiling usart.c...
compiling main.c...
compiling stm32l4xx_hal_msp.c...
compiling i2c.c...
compiling system_stm32l4xx.c...
compiling stm32l4xx_hal.c...
compiling stm32l4xx_hal_pwr.c...
compiling stm32l4xx_hal_i2c_ex.c...
compiling stm32l4xx_hal_rcc_ex.c...
compiling stm32l4xx_hal_dma_ex.c...
compiling stm32l4xx_hal_gpio.c...
compiling stm32l4xx_hal_flash.c...
compiling stm32l4xx_hal_uart_ex.c...
compiling stm32l4xx_hal_cortex.c...
compiling stm32l4xx_hal_tim_ex.c...
compiling stm32l4xx_hal_flash_ramfunc.c...
compiling stm32l4xx_hal_uart.c...
compiling stm32l4xx_hal_rcc.c...
compiling stm32l4xx_hal_pwr_ex.c...
compiling chessengine.c...
..\u8glib\src\chessengine.c(1107): warning:  #68-D: integer conversion resulted in a change of sign
  static const uint8_t ce_dir_offset_rook[] 
ROGMEM = { 1, 16, -16, -1, 0 };
..\u8glib\src\chessengine.c(1107): warning:  #68-D: integer conversion resulted in a change of sign
  static const uint8_t ce_dir_offset_rook[] 
ROGMEM = { 1, 16, -16, -1, 0 };
..\u8glib\src\chessengine.c(1108): warning:  #68-D: integer conversion resulted in a change of sign
  static const uint8_t ce_dir_offset_bishop[] 
ROGMEM = { 15, 17, -17, -15, 0 };
..\u8glib\src\chessengine.c(1108): warning:  #68-D: integer conversion resulted in a change of sign
  static const uint8_t ce_dir_offset_bishop[] 
ROGMEM = { 15, 17, -17, -15, 0 };
..\u8glib\src\chessengine.c(1109): warning:  #68-D: integer conversion resulted in a change of sign
  static const uint8_t ce_dir_offset_queen[] 
ROGMEM = { 1, 16, -16, -1, 15, 17, -17, -15, 0 };
..\u8glib\src\chessengine.c(1109): warning:  #68-D: integer conversion resulted in a change of sign
  static const uint8_t ce_dir_offset_queen[] 
ROGMEM = { 1, 16, -16, -1, 15, 17, -17, -15, 0 };
..\u8glib\src\chessengine.c(1109): warning:  #68-D: integer conversion resulted in a change of sign
  static const uint8_t ce_dir_offset_queen[] 
ROGMEM = { 1, 16, -16, -1, 15, 17, -17, -15, 0 };
..\u8glib\src\chessengine.c(1109): warning:  #68-D: integer conversion resulted in a change of sign
  static const uint8_t ce_dir_offset_queen[] 
ROGMEM = { 1, 16, -16, -1, 15, 17, -17, -15, 0 };
..\u8glib\src\chessengine.c(1110): warning:  #68-D: integer conversion resulted in a change of sign
  static const uint8_t ce_dir_offset_knight[] 
ROGMEM = {14, -14, 18, -18, 31, -31, 33, -33, 0};
..\u8glib\src\chessengine.c(1110): warning:  #68-D: integer conversion resulted in a change of sign
  static const uint8_t ce_dir_offset_knight[] 
ROGMEM = {14, -14, 18, -18, 31, -31, 33, -33, 0};
..\u8glib\src\chessengine.c(1110): warning:  #68-D: integer conversion resulted in a change of sign
  static const uint8_t ce_dir_offset_knight[] 
ROGMEM = {14, -14, 18, -18, 31, -31, 33, -33, 0};
..\u8glib\src\chessengine.c(1110): warning:  #68-D: integer conversion resulted in a change of sign
  static const uint8_t ce_dir_offset_knight[] 
ROGMEM = {14, -14, 18, -18, 31, -31, 33, -33, 0};
..\u8glib\src\chessengine.c: 12 warnings, 0 errors
compiling u8g_bitmap.c...
compiling u8g_com_api.c...
compiling u8g_clip.c...
compiling u8g_com_api_16gr.c...
compiling u8g_circle.c...
compiling u8g_com_i2c.c...
..\u8glib\src\u8g_com_i2c.c(44): warning:  #177-D: variable "u8g_i2c_opt"  was declared but never referenced
  static uint8_t u8g_i2c_opt;		/* U8G_I2C_OPT_NO_ACK, SAM: U8G_I2C_OPT_DEV_1 */
..\u8glib\src\u8g_com_i2c.c: 1 warning, 0 errors
compiling u8g_com_io.c...
compiling u8g_com_msp430_hw_spi.c...
compiling u8g_com_null.c...
compiling u8g_com_raspberrypi_hw_spi.c...
compiling u8g_com_raspberrypi_ssd_i2c.c...
compiling u8g_com_std_sw_spi.c...
compiling u8g_cursor.c...
compiling u8g_delay.c...
compiling u8g_ellipse.c...
compiling u8g_font_data.c...
compiling u8g_line.c...
compiling u8g_ll_api.c...
compiling u8g_page.c...
compiling u8g_pb.c...
compiling u8g_pb8h1.c...
compiling u8g_pb8h1f.c...
compiling u8g_pb8h2.c...
compiling u8g_pb8h8.c...
compiling u8g_pb8v2.c...
compiling u8g_arm.c...
compiling u8g_pb8v1.c...
compiling stm32l4xx_hal_dma.c...
compiling stm32l4xx_hal_tim.c...
compiling stm32l4xx_hal_flash_ex.c...
compiling u8g_pb14v1.c...
compiling u8g_pb16h1.c...
compiling stm32l4xx_hal_i2c.c...
compiling u8g_pb16v1.c...
compiling u8g_pb32h1.c...
compiling u8g_pb16h2.c...
compiling u8g_pb16v2.c...
compiling u8g_pbxh16.c...
compiling u8g_pbxh24.c...
compiling u8g_rect.c...
compiling u8g_polygon.c...
compiling u8g_rot.c...
..\u8glib\src\u8g_rot.c(48): warning:  #144-D: a value of type "uint8_t (*)(void *, void *, uint8_t, void *)" cannot be used to initialize an entity of type "u8g_dev_fnptr"
  u8g_dev_t u8g_dev_rot = { u8g_dev_rot_dummy_fn, 
ULL, 
ULL };
..\u8glib\src\u8g_rot.c: 1 warning, 0 errors
compiling u8g_scale.c...
compiling u8g_u8toa.c...
compiling u8g_u16toa.c...
compiling u8g_state.c...
compiling u8g_virtual_screen.c...
compiling u8g_dev_ssd1306_128x32.c...
..\u8glib\src\u8g_dev_ssd1306_128x32.c(48): warning:  #177-D: variable "u8g_dev_ssd1306_128x32_adafruit1_init_seq"  was declared but never referenced
  static const uint8_t u8g_dev_ssd1306_128x32_adafruit1_init_seq[] PROGMEM = {
..\u8glib\src\u8g_dev_ssd1306_128x32.c(83): warning:  #177-D: variable "u8g_dev_ssd1306_128x32_adafruit2_init_seq"  was declared but never referenced
  static const uint8_t u8g_dev_ssd1306_128x32_adafruit2_init_seq[] PROGMEM = {
..\u8glib\src\u8g_dev_ssd1306_128x32.c(153): warning:  #177-D: variable "u8g_dev_ssd1306_128x32_univision_init_seq"  was declared but never referenced
  static const uint8_t u8g_dev_ssd1306_128x32_univision_init_seq[] PROGMEM = {
..\u8glib\src\u8g_dev_ssd1306_128x32.c: 3 warnings, 0 errors
compiling custom_font.c...
compiling u8g_font.c...
compiling oled.c...
..\OLED\oled.c(90): warning:  #177-D: function "OLED_Show_Temp"  was declared but never referenced
  static void OLED_Show_Temp(float temp, float hum)
..\OLED\oled.c: 1 warning, 0 errors
compiling BC95.c...
..\BC95\BC95.c(34): warning:  #144-D: a value of type "int (*)(uint8_t *, int, int, int)" cannot be used to initialize an entity of type "neul_read"
      uart_data_read,
..\BC95\BC95.c(62): warning:  #940-D: missing return statement at end of non-void function "BC95_Send_Data" 
  }
..\BC95\BC95.c(546): warning:  #177-D: variable "temp_buf"  was declared but never referenced
  		char temp_buf[50] = {0xff};
..\BC95\BC95.c(1235): warning:  #940-D: missing return statement at end of non-void function "bc95_hw_init" 
  }
..\BC95\BC95.c(1239): warning:  #177-D: variable "str"  was declared but never referenced
      char *str = NULL;
..\BC95\BC95.c(1305): warning:  #167-D: argument of type "char *" is incompatible with parameter of type "uint8_t *"
      HAL_UART_Transmit(&huart2, buf, writelen, 500);
..\BC95\BC95.c(124): warning:  #177-D: function "bc95_set_cdp_info"  was declared but never referenced
  static int bc95_set_cdp_info(const char *cdp)
..\BC95\BC95.c: 7 warnings, 0 errors
linking...
Program Size: Code=21172 RO-data=1600 RW-data=236 ZI-data=6076  
"STM32L431RxTx\STM32L431RxTx.axf" - 0 Error(s), 25 Warning(s).

<h2>Software Packages used:</h2>

Package Vendor: ARM
                http://www.keil.com/pack/ARM.CMSIS.5.1.1.pack
                ARM.CMSIS.5.1.1
                CMSIS (Cortex Microcontroller Software Interface Standard)
   * Component: CORE Version: 5.0.2

Package Vendor: Keil
                http://www.keil.com/pack/Keil.STM32L4xx_DFP.2.0.0.pack
                Keil.STM32L4xx_DFP.2.0.0
                STMicroelectronics STM32L4 Series Device Support, Drivers and Examples

<h2>Collection of Component include folders:</h2>
  .\RTE\_STM32L431RxTx
  C:\Keil_v5\ARM\PACK\ARM\CMSIS\5.1.1\CMSIS\Include
  C:\Keil_v5\ARM\PACK\Keil\STM32L4xx_DFP\2.0.0\Drivers\CMSIS\Device\ST\STM32L4xx\Include

<h2>Collection of Component Files used:</h2>

   * Component: ARM::CMSIS:CORE:5.0.2
Build Time Elapsed:  00:00:30
</pre>
</body>
</html>
