Component: ARM Compiler 5.06 update 4 (build 422) Tool: armlink [4d35d2]

==============================================================================

Section Cross References

    system_stm32l4xx.o(i.SystemCoreClockUpdate) refers to system_stm32l4xx.o(.constdata) for MSIRangeTable
    system_stm32l4xx.o(i.SystemCoreClockUpdate) refers to system_stm32l4xx.o(.data) for SystemCoreClock
    startup_stm32l431xx.o(RESET) refers to startup_stm32l431xx.o(STACK) for __initial_sp
    startup_stm32l431xx.o(RESET) refers to startup_stm32l431xx.o(.text) for Reset_Handler
    startup_stm32l431xx.o(RESET) refers to stm32l4xx_it.o(i.NMI_Handler) for NMI_Handler
    startup_stm32l431xx.o(RESET) refers to stm32l4xx_it.o(i.HardFault_Handler) for HardFault_Handler
    startup_stm32l431xx.o(RESET) refers to stm32l4xx_it.o(i.MemManage_Handler) for MemManage_Handler
    startup_stm32l431xx.o(RESET) refers to stm32l4xx_it.o(i.BusFault_Handler) for BusFault_Handler
    startup_stm32l431xx.o(RESET) refers to stm32l4xx_it.o(i.UsageFault_Handler) for UsageFault_Handler
    startup_stm32l431xx.o(RESET) refers to stm32l4xx_it.o(i.SVC_Handler) for SVC_Handler
    startup_stm32l431xx.o(RESET) refers to stm32l4xx_it.o(i.DebugMon_Handler) for DebugMon_Handler
    startup_stm32l431xx.o(RESET) refers to stm32l4xx_it.o(i.PendSV_Handler) for PendSV_Handler
    startup_stm32l431xx.o(RESET) refers to stm32l4xx_it.o(i.SysTick_Handler) for SysTick_Handler
    startup_stm32l431xx.o(RESET) refers to stm32l4xx_it.o(i.EXTI0_IRQHandler) for EXTI0_IRQHandler
    startup_stm32l431xx.o(RESET) refers to stm32l4xx_it.o(i.EXTI1_IRQHandler) for EXTI1_IRQHandler
    startup_stm32l431xx.o(RESET) refers to stm32l4xx_it.o(i.EXTI2_IRQHandler) for EXTI2_IRQHandler
    startup_stm32l431xx.o(RESET) refers to stm32l4xx_it.o(i.EXTI3_IRQHandler) for EXTI3_IRQHandler
    startup_stm32l431xx.o(RESET) refers to stm32l4xx_it.o(i.USART1_IRQHandler) for USART1_IRQHandler
    startup_stm32l431xx.o(RESET) refers to stm32l4xx_it.o(i.USART2_IRQHandler) for USART2_IRQHandler
    startup_stm32l431xx.o(.text) refers to system_stm32l4xx.o(i.SystemInit) for SystemInit
    startup_stm32l431xx.o(.text) refers to entry.o(.ARM.Collect$$$$00000000) for __main
    usart.o(i.HAL_UART_MspDeInit) refers to stm32l4xx_hal_gpio.o(i.HAL_GPIO_DeInit) for HAL_GPIO_DeInit
    usart.o(i.HAL_UART_MspDeInit) refers to stm32l4xx_hal_cortex.o(i.HAL_NVIC_DisableIRQ) for HAL_NVIC_DisableIRQ
    usart.o(i.HAL_UART_MspInit) refers to stm32l4xx_hal_gpio.o(i.HAL_GPIO_Init) for HAL_GPIO_Init
    usart.o(i.HAL_UART_MspInit) refers to stm32l4xx_hal_cortex.o(i.HAL_NVIC_SetPriority) for HAL_NVIC_SetPriority
    usart.o(i.HAL_UART_MspInit) refers to stm32l4xx_hal_cortex.o(i.HAL_NVIC_EnableIRQ) for HAL_NVIC_EnableIRQ
    usart.o(i.MX_USART1_UART_Init) refers to stm32l4xx_hal_uart.o(i.HAL_UART_Init) for HAL_UART_Init
    usart.o(i.MX_USART1_UART_Init) refers to main.o(i._Error_Handler) for _Error_Handler
    usart.o(i.MX_USART1_UART_Init) refers to usart.o(.bss) for huart1
    usart.o(i.MX_USART2_UART_Init) refers to stm32l4xx_hal_uart.o(i.HAL_UART_Init) for HAL_UART_Init
    usart.o(i.MX_USART2_UART_Init) refers to main.o(i._Error_Handler) for _Error_Handler
    usart.o(i.MX_USART2_UART_Init) refers to usart.o(.bss) for huart2
    usart.o(i.fputc) refers to stm32l4xx_hal_uart.o(i.HAL_UART_Transmit) for HAL_UART_Transmit
    usart.o(i.fputc) refers to usart.o(.bss) for huart1
    gpio.o(i.MX_GPIO_Init) refers to stm32l4xx_hal_gpio.o(i.HAL_GPIO_WritePin) for HAL_GPIO_WritePin
    gpio.o(i.MX_GPIO_Init) refers to stm32l4xx_hal_gpio.o(i.HAL_GPIO_Init) for HAL_GPIO_Init
    gpio.o(i.MX_GPIO_Init) refers to stm32l4xx_hal_cortex.o(i.HAL_NVIC_SetPriority) for HAL_NVIC_SetPriority
    gpio.o(i.MX_GPIO_Init) refers to stm32l4xx_hal_cortex.o(i.HAL_NVIC_EnableIRQ) for HAL_NVIC_EnableIRQ
    main.o(i.HAL_GPIO_EXTI_Callback) refers to main.o(.data) for flag
    main.o(i.SystemClock_Config) refers to stm32l4xx_hal_rcc.o(i.HAL_RCC_OscConfig) for HAL_RCC_OscConfig
    main.o(i.SystemClock_Config) refers to main.o(i._Error_Handler) for _Error_Handler
    main.o(i.SystemClock_Config) refers to stm32l4xx_hal_rcc.o(i.HAL_RCC_ClockConfig) for HAL_RCC_ClockConfig
    main.o(i.SystemClock_Config) refers to stm32l4xx_hal_rcc_ex.o(i.HAL_RCCEx_PeriphCLKConfig) for HAL_RCCEx_PeriphCLKConfig
    main.o(i.SystemClock_Config) refers to stm32l4xx_hal_pwr_ex.o(i.HAL_PWREx_ControlVoltageScaling) for HAL_PWREx_ControlVoltageScaling
    main.o(i.SystemClock_Config) refers to stm32l4xx_hal_rcc.o(i.HAL_RCC_GetHCLKFreq) for HAL_RCC_GetHCLKFreq
    main.o(i.SystemClock_Config) refers to stm32l4xx_hal_cortex.o(i.HAL_SYSTICK_Config) for HAL_SYSTICK_Config
    main.o(i.SystemClock_Config) refers to stm32l4xx_hal_cortex.o(i.HAL_SYSTICK_CLKSourceConfig) for HAL_SYSTICK_CLKSourceConfig
    main.o(i.SystemClock_Config) refers to stm32l4xx_hal_cortex.o(i.HAL_NVIC_SetPriority) for HAL_NVIC_SetPriority
[...]
    i.HAL_RCC_GetHCLKFreq                    0x08001b18   Section        0  stm32l4xx_hal_rcc.o(i.HAL_RCC_GetHCLKFreq)
    i.HAL_RCC_GetPCLK1Freq                   0x08001b24   Section        0  stm32l4xx_hal_rcc.o(i.HAL_RCC_GetPCLK1Freq)
    i.HAL_RCC_GetPCLK2Freq                   0x08001b44   Section        0  stm32l4xx_hal_rcc.o(i.HAL_RCC_GetPCLK2Freq)
    i.HAL_RCC_GetSysClockFreq                0x08001b64   Section        0  stm32l4xx_hal_rcc.o(i.HAL_RCC_GetSysClockFreq)
    i.HAL_RCC_OscConfig                      0x08001c70   Section        0  stm32l4xx_hal_rcc.o(i.HAL_RCC_OscConfig)
    i.HAL_SYSTICK_CLKSourceConfig            0x08002304   Section        0  stm32l4xx_hal_cortex.o(i.HAL_SYSTICK_CLKSourceConfig)
    i.HAL_SYSTICK_Callback                   0x0800232c   Section        0  stm32l4xx_hal_cortex.o(i.HAL_SYSTICK_Callback)
    i.HAL_SYSTICK_Config                     0x0800232e   Section        0  stm32l4xx_hal_cortex.o(i.HAL_SYSTICK_Config)
    i.HAL_SYSTICK_IRQHandler                 0x08002362   Section        0  stm32l4xx_hal_cortex.o(i.HAL_SYSTICK_IRQHandler)
    i.HAL_UARTEx_WakeupCallback              0x0800236a   Section        0  stm32l4xx_hal_uart_ex.o(i.HAL_UARTEx_WakeupCallback)
    i.HAL_UART_Abort                         0x0800236c   Section        0  stm32l4xx_hal_uart.o(i.HAL_UART_Abort)
    i.HAL_UART_ErrorCallback                 0x08002404   Section        0  stm32l4xx_hal_uart.o(i.HAL_UART_ErrorCallback)
    i.HAL_UART_IRQHandler                    0x08002408   Section        0  stm32l4xx_hal_uart.o(i.HAL_UART_IRQHandler)
    i.HAL_UART_Init                          0x080025a0   Section        0  stm32l4xx_hal_uart.o(i.HAL_UART_Init)
    i.HAL_UART_MspInit                       0x08002618   Section        0  usart.o(i.HAL_UART_MspInit)
    i.HAL_UART_Receive                       0x080026d8   Section        0  stm32l4xx_hal_uart.o(i.HAL_UART_Receive)
    i.HAL_UART_Transmit                      0x080027ee   Section        0  stm32l4xx_hal_uart.o(i.HAL_UART_Transmit)
    i.HAL_UART_TxCpltCallback                0x080028b6   Section        0  stm32l4xx_hal_uart.o(i.HAL_UART_TxCpltCallback)
    i.HardFault_Handler                      0x080028b8   Section        0  stm32l4xx_it.o(i.HardFault_Handler)
    i.I2C_Flush_TXDR                         0x080028bc   Section        0  stm32l4xx_hal_i2c.o(i.I2C_Flush_TXDR)
    I2C_Flush_TXDR                           0x080028bd   Thumb Code    40  stm32l4xx_hal_i2c.o(i.I2C_Flush_TXDR)
    i.I2C_IsAcknowledgeFailed                0x080028e4   Section        0  stm32l4xx_hal_i2c.o(i.I2C_IsAcknowledgeFailed)
    I2C_IsAcknowledgeFailed                  0x080028e5   Thumb Code   136  stm32l4xx_hal_i2c.o(i.I2C_IsAcknowledgeFailed)
    i.I2C_TransferConfig                     0x08002970   Section        0  stm32l4xx_hal_i2c.o(i.I2C_TransferConfig)
    I2C_TransferConfig                       0x08002971   Thumb Code    42  stm32l4xx_hal_i2c.o(i.I2C_TransferConfig)
    i.I2C_WaitOnFlagUntilTimeout             0x080029a0   Section        0  stm32l4xx_hal_i2c.o(i.I2C_WaitOnFlagUntilTimeout)
    I2C_WaitOnFlagUntilTimeout               0x080029a1   Thumb Code    86  stm32l4xx_hal_i2c.o(i.I2C_WaitOnFlagUntilTimeout)
    i.I2C_WaitOnSTOPFlagUntilTimeout         0x080029f6   Section        0  stm32l4xx_hal_i2c.o(i.I2C_WaitOnSTOPFlagUntilTimeout)
    I2C_WaitOnSTOPFlagUntilTimeout           0x080029f7   Thumb Code    86  stm32l4xx_hal_i2c.o(i.I2C_WaitOnSTOPFlagUntilTimeout)
    i.I2C_WaitOnTXISFlagUntilTimeout         0x08002a4c   Section        0  stm32l4xx_hal_i2c.o(i.I2C_WaitOnTXISFlagUntilTimeout)
    I2C_WaitOnTXISFlagUntilTimeout           0x08002a4d   Thumb Code    90  stm32l4xx_hal_i2c.o(i.I2C_WaitOnTXISFlagUntilTimeout)
    i.I2c_ReadByte                           0x08002aa6   Section        0  sht20drv.o(i.I2c_ReadByte)
    i.I2c_StartCondition                     0x08002b48   Section        0  sht20drv.o(i.I2c_StartCondition)
    i.I2c_StopCondition                      0x08002b8c   Section        0  sht20drv.o(i.I2c_StopCondition)
    i.I2c_WriteByte                          0x08002bd0   Section        0  sht20drv.o(i.I2c_WriteByte)
    i.MX_GPIO_Init                           0x08002c74   Section        0  gpio.o(i.MX_GPIO_Init)
    i.MX_I2C2_Init                           0x08002dbc   Section        0  i2c.o(i.MX_I2C2_Init)
    i.MX_USART1_UART_Init                    0x08002e30   Section        0  usart.o(i.MX_USART1_UART_Init)
    i.MX_USART2_UART_Init                    0x08002e84   Section        0  usart.o(i.MX_USART2_UART_Init)
    i.MemManage_Handler                      0x08002ed8   Section        0  stm32l4xx_it.o(i.MemManage_Handler)
    i.NMI_Handler                            0x08002edc   Section        0  stm32l4xx_it.o(i.NMI_Handler)
    i.NVIC_GetPriorityGrouping               0x08002ee0   Section        0  stm32l4xx_hal_cortex.o(i.NVIC_GetPriorityGrouping)
    NVIC_GetPriorityGrouping                 0x08002ee1   Thumb Code    10  stm32l4xx_hal_cortex.o(i.NVIC_GetPriorityGrouping)
    i.NVIC_SetPriority                       0x08002ef0   Section        0  stm32l4xx_hal_cortex.o(i.NVIC_SetPriority)
    NVIC_SetPriority                         0x08002ef1   Thumb Code    32  stm32l4xx_hal_cortex.o(i.NVIC_SetPriority)
    i.OLED_Show_Page1                        0x08002f18   Section        0  oled.o(i.OLED_Show_Page1)
    i.OLED_Show_a_Page                       0x08002f48   Section        0  oled.o(i.OLED_Show_a_Page)
    i.PendSV_Handler                         0x08003094   Section        0  stm32l4xx_it.o(i.PendSV_Handler)
    i.RCCEx_PLLSAI1_Config                   0x08003098   Section        0  stm32l4xx_hal_rcc_ex.o(i.RCCEx_PLLSAI1_Config)
    RCCEx_PLLSAI1_Config                     0x08003099   Thumb Code   378  stm32l4xx_hal_rcc_ex.o(i.RCCEx_PLLSAI1_Config)
    i.RCC_SetFlashLatencyFromMSIRange        0x08003224   Section        0  stm32l4xx_hal_rcc.o(i.RCC_SetFlashLatencyFromMSIRange)
    RCC_SetFlashLatencyFromMSIRange          0x08003225   Thumb Code   150  stm32l4xx_hal_rcc.o(i.RCC_SetFlashLatencyFromMSIRange)
    i.SHT20Init                              0x080032c4   Section        0  sht20drv.o(i.SHT20Init)
    i.SHT20Process                           0x080032e0   Section        0  sht20drv.o(i.SHT20Process)
    i.SHT2x_CalcRH                           0x080033b0   Section        0  sht20drv.o(i.SHT2x_CalcRH)
    i.SHT2x_CalcTemperatureC                 0x08003414   Section        0  sht20drv.o(i.SHT2x_CalcTemperatureC)
    i.SHT2x_CheckCrc                         0x08003478   Section        0  sht20drv.o(i.SHT2x_CheckCrc)
    i.SHT2x_SoftReset                        0x080034c4   Section        0  sht20drv.o(i.SHT2x_SoftReset)
    i.SVC_Handler                            0x080034ec   Section        0  stm32l4xx_it.o(i.SVC_Handler)
    i.SetSHT20Itme                           0x080034ee   Section        0  sht20drv.o(i.SetSHT20Itme)
    i.SysTick_Handler                        0x08003522   Section        0  stm32l4xx_it.o(i.SysTick_Handler)
    i.SystemClock_Config                     0x08003530   Section        0  main.o(i.SystemClock_Config)
    i.SystemInit                             0x080035f4   Section        0  system_stm32l4xx.o(i.SystemInit)
    i.UART_AdvFeatureConfig                  0x08003644   Section        0  stm32l4xx_hal_uart.o(i.UART_AdvFeatureConfig)
    i.UART_CheckIdleState                    0x0800373c   Section        0  stm32l4xx_hal_uart.o(i.UART_CheckIdleState)
    i.UART_DMAAbortOnError                   0x080037b0   Section        0  stm32l4xx_hal_uart.o(i.UART_DMAAbortOnError)
    UART_DMAAbortOnError                     0x080037b1   Thumb Code    24  stm32l4xx_hal_uart.o(i.UART_DMAAbortOnError)
    i.UART_EndRxTransfer                     0x080037c8   Section        0  stm32l4xx_hal_uart.o(i.UART_EndRxTransfer)
    UART_EndRxTransfer                       0x080037c9   Thumb Code    36  stm32l4xx_hal_uart.o(i.UART_EndRxTransfer)
    i.UART_EndTransmit_IT                    0x080037ec   Section        0  stm32l4xx_hal_uart.o(i.UART_EndTransmit_IT)
    UART_EndTransmit_IT                      0x080037ed   Thumb Code    34  stm32l4xx_hal_uart.o(i.UART_EndTransmit_IT)
    i.UART_SetConfig                         0x08003810   Section        0  stm32l4xx_hal_uart.o(i.UART_SetConfig)
    i.UART_WaitOnFlagUntilTimeout            0x08003c22   Section        0  stm32l4xx_hal_uart.o(i.UART_WaitOnFlagUntilTimeout)
    i.USART1_IRQHandler                      0x08003c90   Section        0  stm32l4xx_it.o(i.USART1_IRQHandler)
    i.USART2_IRQHandler                      0x08003ca0   Section        0  stm32l4xx_it.o(i.USART2_IRQHandler)
    i.UsageFault_Handler                     0x08003cb0   Section        0  stm32l4xx_it.o(i.UsageFault_Handler)
    i._Error_Handler                         0x08003cb4   Section        0  main.o(i._Error_Handler)
    i.__0sprintf                             0x08003cb8   Section        0  printfa.o(i.__0sprintf)
    i.__scatterload_copy                     0x08003ce0   Section       14  handlers.o(i.__scatterload_copy)
    i.__scatterload_null                     0x08003cee   Section        2  handlers.o(i.__scatterload_null)
    i.__scatterload_zeroinit                 0x08003cf0   Section       14  handlers.o(i.__scatterload_zeroinit)
    i._fp_digits                             0x08003d00   Section        0  printfa.o(i._fp_digits)
    _fp_digits                               0x08003d01   Thumb Code   366  printfa.o(i._fp_digits)
    i._printf_core                           0x08003e8c   Section        0  printfa.o(i._printf_core)
    _printf_core                             0x08003e8d   Thumb Code  1744  printfa.o(i._printf_core)
    i._printf_post_padding                   0x0800456e   Section        0  printfa.o(i._printf_post_padding)
    _printf_post_padding                     0x0800456f   Thumb Code    36  printfa.o(i._printf_post_padding)
    i._printf_pre_padding                    0x08004592   Section        0  printfa.o(i._printf_pre_padding)
    _printf_pre_padding                      0x08004593   Thumb Code    46  printfa.o(i._printf_pre_padding)
    i._sputc                                 0x080045c0   Section        0  printfa.o(i._sputc)
    _sputc                                   0x080045c1   Thumb Code    10  printfa.o(i._sputc)
    i.bc95_hexstr_to_byte                    0x080045ca   Section        0  bc95.o(i.bc95_hexstr_to_byte)
    i.draw                                   0x0800462c   Section        0  main.o(i.draw)
    i.main                                   0x08004668   Section        0  main.o(i.main)
    i.u8g_10MicroDelay                       0x080048c0   Section        0  u8g_arm.o(i.u8g_10MicroDelay)
    i.u8g_Begin                              0x080048cc   Section        0  u8g_ll_api.o(i.u8g_Begin)
    i.u8g_CopyGlyphDataToCache               0x080048e8   Section        0  u8g_font.o(i.u8g_CopyGlyphDataToCache)
    u8g_CopyGlyphDataToCache                 0x080048e9   Thumb Code   104  u8g_font.o(i.u8g_CopyGlyphDataToCache)
    i.u8g_Delay                              0x08004950   Section        0  u8g_arm.o(i.u8g_Delay)
    i.u8g_Draw8Pixel                         0x0800495c   Section        0  u8g_ll_api.o(i.u8g_Draw8Pixel)
    i.u8g_Draw8PixelLL                       0x08004980   Section        0  u8g_ll_api.o(i.u8g_Draw8PixelLL)
    i.u8g_DrawStr                            0x080049b0   Section        0  u8g_font.o(i.u8g_DrawStr)
    i.u8g_FillEmptyGlyphCache                0x080049f6   Section        0  u8g_font.o(i.u8g_FillEmptyGlyphCache)
    u8g_FillEmptyGlyphCache                  0x080049f7   Thumb Code    16  u8g_font.o(i.u8g_FillEmptyGlyphCache)
    i.u8g_FirstPage                          0x08004a06   Section        0  u8g_ll_api.o(i.u8g_FirstPage)
    i.u8g_FirstPageLL                        0x08004a14   Section        0  u8g_ll_api.o(i.u8g_FirstPageLL)
    i.u8g_GetGlyph                           0x08004a48   Section        0  u8g_font.o(i.u8g_GetGlyph)
    i.u8g_GetHeightLL                        0x08004b12   Section        0  u8g_ll_api.o(i.u8g_GetHeightLL)
    i.u8g_GetModeLL                          0x08004b2a   Section        0  u8g_ll_api.o(i.u8g_GetModeLL)
    i.u8g_GetWidthLL                         0x08004b3e   Section        0  u8g_ll_api.o(i.u8g_GetWidthLL)
    i.u8g_InitCom                            0x08004b56   Section        0  u8g_com_api.o(i.u8g_InitCom)
    i.u8g_InitComFn                          0x08004b70   Section        0  u8g_ll_api.o(i.u8g_InitComFn)
    i.u8g_InitLL                             0x08004b8c   Section        0  u8g_ll_api.o(i.u8g_InitLL)
    i.u8g_IsBBXIntersection                  0x08004bb6   Section        0  u8g_clip.o(i.u8g_IsBBXIntersection)
    i.u8g_MicroDelay                         0x08004c08   Section        0  u8g_arm.o(i.u8g_MicroDelay)
    i.u8g_NextPage                           0x08004c14   Section        0  u8g_ll_api.o(i.u8g_NextPage)
    i.u8g_NextPageLL                         0x08004c2c   Section        0  u8g_ll_api.o(i.u8g_NextPageLL)
    i.u8g_SetAddress                         0x08004c66   Section        0  u8g_com_api.o(i.u8g_SetAddress)
    i.u8g_SetChipSelect                      0x08004c80   Section        0  u8g_com_api.o(i.u8g_SetChipSelect)
    i.u8g_SetColorIndex                      0x08004c9a   Section        0  u8g_ll_api.o(i.u8g_SetColorIndex)
    i.u8g_SetFont                            0x08004ca0   Section        0  u8g_font.o(i.u8g_SetFont)
    i.u8g_SetFontPosBaseline                 0x08004cbc   Section        0  u8g_font.o(i.u8g_SetFontPosBaseline)
    i.u8g_SetFontPosTop                      0x08004cc8   Section        0  u8g_font.o(i.u8g_SetFontPosTop)
    i.u8g_SetResetHigh                       0x08004cd4   Section        0  u8g_com_api.o(i.u8g_SetResetHigh)
    i.u8g_SetResetLow                        0x08004ce8   Section        0  u8g_com_api.o(i.u8g_SetResetLow)
    i.u8g_UpdateDimension                    0x08004cfc   Section        0  u8g_ll_api.o(i.u8g_UpdateDimension)
    i.u8g_UpdateRefHeight                    0x08004d2e   Section        0  u8g_font.o(i.u8g_UpdateRefHeight)
    i.u8g_WriteByte                          0x08004db2   Section        0  u8g_com_api.o(i.u8g_WriteByte)
    i.u8g_WriteEscSeqP                       0x08004dcc   Section        0  u8g_com_api.o(i.u8g_WriteEscSeqP)
    i.u8g_WriteSequence                      0x08004e8a   Section        0  u8g_com_api.o(i.u8g_WriteSequence)
    i.u8g_call_dev_fn                        0x08004ea8   Section        0  u8g_ll_api.o(i.u8g_call_dev_fn)
    i.u8g_com_hw_i2c_fn                      0x08004ec8   Section        0  u8g_arm.o(i.u8g_com_hw_i2c_fn)
    i.u8g_com_null_fn                        0x08004f6c   Section        0  u8g_com_null.o(i.u8g_com_null_fn)
    i.u8g_dev_pb16v1_base_fn                 0x08004f90   Section        0  u8g_pb16v1.o(i.u8g_dev_pb16v1_base_fn)
    i.u8g_dev_pb8v1_base_fn                  0x08005046   Section        0  u8g_pb8v1.o(i.u8g_dev_pb8v1_base_fn)
    i.u8g_dev_ssd1306_128x32_2x_fn           0x080050fc   Section        0  u8g_dev_ssd1306_128x32.o(i.u8g_dev_ssd1306_128x32_2x_fn)
    i.u8g_dev_ssd1306_128x32_fn              0x080051fc   Section        0  u8g_dev_ssd1306_128x32.o(i.u8g_dev_ssd1306_128x32_fn)
    i.u8g_draw_glyph                         0x080052b8   Section        0  u8g_font.o(i.u8g_draw_glyph)
    i.u8g_font_GetCapitalAHeight             0x08005392   Section        0  u8g_font.o(i.u8g_font_GetCapitalAHeight)
    i.u8g_font_GetEncoding65Pos              0x080053a0   Section        0  u8g_font.o(i.u8g_font_GetEncoding65Pos)
    i.u8g_font_GetEncoding97Pos              0x080053ae   Section        0  u8g_font.o(i.u8g_font_GetEncoding97Pos)
    i.u8g_font_GetFontAscent                 0x080053bc   Section        0  u8g_font.o(i.u8g_font_GetFontAscent)
    i.u8g_font_GetFontDescent                0x080053cc   Section        0  u8g_font.o(i.u8g_font_GetFontDescent)
    i.u8g_font_GetFontEndEncoding            0x080053dc   Section        0  u8g_font.o(i.u8g_font_GetFontEndEncoding)
    i.u8g_font_GetFontGlyphStructureSize     0x080053ea   Section        0  u8g_font.o(i.u8g_font_GetFontGlyphStructureSize)
    u8g_font_GetFontGlyphStructureSize       0x080053eb   Thumb Code    38  u8g_font.o(i.u8g_font_GetFontGlyphStructureSize)
    i.u8g_font_GetFontStartEncoding          0x08005410   Section        0  u8g_font.o(i.u8g_font_GetFontStartEncoding)
    i.u8g_font_GetFontXAscent                0x0800541e   Section        0  u8g_font.o(i.u8g_font_GetFontXAscent)
    i.u8g_font_GetFontXDescent               0x0800542e   Section        0  u8g_font.o(i.u8g_font_GetFontXDescent)
    i.u8g_font_GetFormat                     0x0800543e   Section        0  u8g_font.o(i.u8g_font_GetFormat)
    u8g_font_GetFormat                       0x0800543f   Thumb Code    14  u8g_font.o(i.u8g_font_GetFormat)
    i.u8g_font_GetGlyphDataStart             0x0800544c   Section        0  u8g_font.o(i.u8g_font_GetGlyphDataStart)
    u8g_font_GetGlyphDataStart               0x0800544d   Thumb Code    16  u8g_font.o(i.u8g_font_GetGlyphDataStart)
    i.u8g_font_GetLowerGDescent              0x0800545c   Section        0  u8g_font.o(i.u8g_font_GetLowerGDescent)
    i.u8g_font_calc_vref_font                0x0800546c   Section        0  u8g_font.o(i.u8g_font_calc_vref_font)
    i.u8g_font_calc_vref_top                 0x08005472   Section        0  u8g_font.o(i.u8g_font_calc_vref_top)
    i.u8g_font_get_byte                      0x0800547e   Section        0  u8g_font.o(i.u8g_font_get_byte)
    u8g_font_get_byte                        0x0800547f   Thumb Code     8  u8g_font.o(i.u8g_font_get_byte)
    i.u8g_font_get_word                      0x08005486   Section        0  u8g_font.o(i.u8g_font_get_word)
    u8g_font_get_word                        0x08005487   Thumb Code    24  u8g_font.o(i.u8g_font_get_word)
    i.u8g_init_data                          0x080054a0   Section        0  u8g_ll_api.o(i.u8g_init_data)
    u8g_init_data                            0x080054a1   Thumb Code    66  u8g_ll_api.o(i.u8g_init_data)
    i.u8g_is_intersection_decision_tree      0x080054e8   Section        0  u8g_clip.o(i.u8g_is_intersection_decision_tree)
    u8g_is_intersection_decision_tree        0x080054e9   Thumb Code    48  u8g_clip.o(i.u8g_is_intersection_decision_tree)
    i.u8g_page_First                         0x08005518   Section        0  u8g_page.o(i.u8g_page_First)
    i.u8g_page_Next                          0x0800552c   Section        0  u8g_page.o(i.u8g_page_Next)
    i.u8g_pb16v1_Clear                       0x08005562   Section        0  u8g_pb16v1.o(i.u8g_pb16v1_Clear)
    i.u8g_pb16v1_Set8PixelOpt2               0x0800557c   Section        0  u8g_pb16v1.o(i.u8g_pb16v1_Set8PixelOpt2)
    i.u8g_pb16v1_SetPixel                    0x080055de   Section        0  u8g_pb16v1.o(i.u8g_pb16v1_SetPixel)
    i.u8g_pb16v1_set_pixel                   0x08005612   Section        0  u8g_pb16v1.o(i.u8g_pb16v1_set_pixel)
    i.u8g_pb8v1_Set8PixelOpt2                0x0800564c   Section        0  u8g_pb8v1.o(i.u8g_pb8v1_Set8PixelOpt2)
    i.u8g_pb8v1_SetPixel                     0x080056ae   Section        0  u8g_pb8v1.o(i.u8g_pb8v1_SetPixel)
    i.u8g_pb8v1_set_pixel                    0x080056e2   Section        0  u8g_pb8v1.o(i.u8g_pb8v1_set_pixel)
    i.u8g_pb_Clear                           0x08005714   Section        0  u8g_pb.o(i.u8g_pb_Clear)
    i.u8g_pb_GetPageBox                      0x0800572c   Section        0  u8g_pb.o(i.u8g_pb_GetPageBox)
    i.u8g_pb_Is8PixelVisible                 0x08005744   Section        0  u8g_pb.o(i.u8g_pb_Is8PixelVisible)
    i.u8g_pb_IsYIntersection                 0x08005782   Section        0  u8g_pb.o(i.u8g_pb_IsYIntersection)
    i.u8g_pb_WriteBuffer                     0x080057c2   Section        0  u8g_pb.o(i.u8g_pb_WriteBuffer)
    i.u8g_state_dummy_cb                     0x080057d8   Section        0  u8g_state.o(i.u8g_state_dummy_cb)
    .constdata                               0x080057dc   Section       72  system_stm32l4xx.o(.constdata)
    .constdata                               0x08005824   Section     6034  u8g_font_data.o(.constdata)
    .constdata                               0x08006fb6   Section      179  u8g_dev_ssd1306_128x32.o(.constdata)
    u8g_dev_ssd1306_128x32_adafruit1_init_seq 0x08006fb6   Data          38  u8g_dev_ssd1306_128x32.o(.constdata)
    u8g_dev_ssd1306_128x32_adafruit2_init_seq 0x08006fdc   Data          38  u8g_dev_ssd1306_128x32.o(.constdata)
    u8g_dev_ssd1306_128x32_adafruit3_init_seq 0x08007002   Data          38  u8g_dev_ssd1306_128x32.o(.constdata)
    u8g_dev_ssd1306_128x32_univision_init_seq 0x08007028   Data          37  u8g_dev_ssd1306_128x32.o(.constdata)
    u8g_dev_ssd1306_128x32_data_start        0x0800704d   Data           8  u8g_dev_ssd1306_128x32.o(.constdata)
    u8g_dev_ssd13xx_sleep_on                 0x08007055   Data           9  u8g_dev_ssd1306_128x32.o(.constdata)
    u8g_dev_ssd13xx_sleep_off                0x0800705e   Data          11  u8g_dev_ssd1306_128x32.o(.constdata)
    .constdata                               0x0800706c   Section      544  bc95_club.o(.constdata)
    .conststring                             0x0800728c   Section      363  bc95_club.o(.conststring)
    .data                                    0x20000000   Section        4  system_stm32l4xx.o(.data)
    .data                                    0x20000004   Section       29  main.o(.data)
    .data                                    0x20000024   Section        4  stm32l4xx_hal.o(.data)
    .data                                    0x20000028   Section        1  u8g_arm.o(.data)
    control                                  0x20000028   Data           1  u8g_arm.o(.data)
    .data                                    0x2000002c   Section      120  u8g_dev_ssd1306_128x32.o(.data)
    .data                                    0x200000a4   Section       20  sht20drv.o(.data)
    .bss                                     0x200000b8   Section      240  usart.o(.bss)
    .bss                                     0x200001a8   Section     1360  main.o(.bss)
    .bss                                     0x200006f8   Section       76  i2c.o(.bss)
    .bss                                     0x20000744   Section      645  u8g_dev_ssd1306_128x32.o(.bss)
    .bss                                     0x200009c9   Section      100  bc95_club.o(.bss)
    STACK                                    0x20000a30   Section     1024  startup_stm32l431xx.o(STACK)

    Global Symbols

    Symbol Name                              Value     Ov Type        Size  Object(Section)

    BuildAttributes$$THM_ISAv4$E$P$D$K$B$S$7EM$VFPi3$EXTD16$VFPS$VFMA$PE$A:L22UL41UL21$X:L11$S22US41US21$IEEE1$IW$USESV6$~STKCKD$USESV7$~SHL$OTIME$ROPI$EBA8$MICROLIB$REQ8$PRES8$EABIv2 0x00000000   Number         0  anon$$obj.o ABSOLUTE
    __ARM_use_no_argv                        0x00000000   Number         0  main.o ABSOLUTE
    _printf_a                                0x00000000   Number         0  stubs.o ABSOLUTE
    _printf_c                                0x00000000   Number         0  stubs.o ABSOLUTE
    _printf_charcount                        0x00000000   Number         0  stubs.o ABSOLUTE
    _printf_d                                0x00000000   Number         0  stubs.o ABSOLUTE
    _printf_e                                0x00000000   Number         0  stubs.o ABSOLUTE
    _printf_f                                0x00000000   Number         0  stubs.o ABSOLUTE
    _printf_flags                            0x00000000   Number         0  stubs.o ABSOLUTE
    _printf_fp_dec                           0x00000000   Number         0  stubs.o ABSOLUTE
    _printf_fp_hex                           0x00000000   Number         0  stubs.o ABSOLUTE
    _printf_g                                0x00000000   Number         0  stubs.o ABSOLUTE
    _printf_i                                0x00000000   Number         0  stubs.o ABSOLUTE
    _printf_int_dec                          0x00000000   Number         0  stubs.o ABSOLUTE
    _printf_l                                0x00000000   Number         0  stubs.o ABSOLUTE
    _printf_lc                               0x00000000   Number         0  stubs.o ABSOLUTE
    _printf_ll                               0x00000000   Number         0  stubs.o ABSOLUTE
    _printf_lld                              0x00000000   Number         0  stubs.o ABSOLUTE
    _printf_lli                              0x00000000   Number         0  stubs.o ABSOLUTE
    _printf_llo                              0x00000000   Number         0  stubs.o ABSOLUTE
    _printf_llu                              0x00000000   Number         0  stubs.o ABSOLUTE
    _printf_llx                              0x00000000   Number         0  stubs.o ABSOLUTE
    _printf_longlong_dec                     0x00000000   Number         0  stubs.o ABSOLUTE
    _printf_longlong_hex                     0x00000000   Number         0  stubs.o ABSOLUTE
    _printf_longlong_oct                     0x00000000   Number         0  stubs.o ABSOLUTE
    _printf_ls                               0x00000000   Number         0  stubs.o ABSOLUTE
    _printf_mbtowc                           0x00000000   Number         0  stubs.o ABSOLUTE
    _printf_n                                0x00000000   Number         0  stubs.o ABSOLUTE
    _printf_o                                0x00000000   Number         0  stubs.o ABSOLUTE
    _printf_p                                0x00000000   Number         0  stubs.o ABSOLUTE
    _printf_percent                          0x00000000   Number         0  stubs.o ABSOLUTE
    _printf_pre_padding                      0x00000000   Number         0  stubs.o ABSOLUTE
    _printf_return_value                     0x00000000   Number         0  stubs.o ABSOLUTE
    _printf_s                                0x00000000   Number         0  stubs.o ABSOLUTE
    _printf_sizespec                         0x00000000   Number         0  stubs.o ABSOLUTE
    _printf_str                              0x00000000   Number         0  stubs.o ABSOLUTE
    _printf_truncate_signed                  0x00000000   Number         0  stubs.o ABSOLUTE
    _printf_truncate_unsigned                0x00000000   Number         0  stubs.o ABSOLUTE
    _printf_u                                0x00000000   Number         0  stubs.o ABSOLUTE
    _printf_wc                               0x00000000   Number         0  stubs.o ABSOLUTE
    _printf_wctomb                           0x00000000   Number         0  stubs.o ABSOLUTE
    _printf_widthprec                        0x00000000   Number         0  stubs.o ABSOLUTE
    _printf_x                                0x00000000   Number         0  stubs.o ABSOLUTE
    __cpp_initialize__aeabi_                  - Undefined Weak Reference
    __cxa_finalize                            - Undefined Weak Reference
    __decompress                              - Undefined Weak Reference
    _clock_init                               - Undefined Weak Reference
    _microlib_exit                            - Undefined Weak Reference
    _scanf_longlong                           - Undefined Weak Reference
    _scanf_real                               - Undefined Weak Reference
    __Vectors_Size                           0x0000018c   Number         0  startup_stm32l431xx.o ABSOLUTE
    __Vectors                                0x08000000   Data           4  startup_stm32l431xx.o(RESET)
    __Vectors_End                            0x0800018c   Data           0  startup_stm32l431xx.o(RESET)
    __main                                   0x0800018d   Thumb Code     0  entry.o(.ARM.Collect$$$$00000000)
    _main_stk                                0x0800018d   Thumb Code     0  entry2.o(.ARM.Collect$$$$00000001)
    _main_scatterload                        0x08000191   Thumb Code     0  entry5.o(.ARM.Collect$$$$00000004)
    __main_after_scatterload                 0x08000195   Thumb Code     0  entry5.o(.ARM.Collect$$$$00000004)
    _main_clock                              0x08000195   Thumb Code     0  entry7b.o(.ARM.Collect$$$$00000008)
    _main_cpp_init                           0x08000195   Thumb Code     0  entry8b.o(.ARM.Collect$$$$0000000A)
    _main_init                               0x08000195   Thumb Code     0  entry9a.o(.ARM.Collect$$$$0000000B)
    __rt_final_cpp                           0x0800019d   Thumb Code     0  entry10a.o(.ARM.Collect$$$$0000000D)
    __rt_final_exit                          0x0800019d   Thumb Code     0  entry11a.o(.ARM.Collect$$$$0000000F)
    Reset_Handler                            0x080001a1   Thumb Code     8  startup_stm32l431xx.o(.text)
    ADC1_IRQHandler                          0x080001bb   Thumb Code     0  startup_stm32l431xx.o(.text)
    CAN1_RX0_IRQHandler                      0x080001bb   Thumb Code     0  startup_stm32l431xx.o(.text)
    CAN1_RX1_IRQHandler                      0x080001bb   Thumb Code     0  startup_stm32l431xx.o(.text)
    CAN1_SCE_IRQHandler                      0x080001bb   Thumb Code     0  startup_stm32l431xx.o(.text)
    CAN1_TX_IRQHandler                       0x080001bb   Thumb Code     0  startup_stm32l431xx.o(.text)
    COMP_IRQHandler                          0x080001bb   Thumb Code     0  startup_stm32l431xx.o(.text)
    CRS_IRQHandler                           0x080001bb   Thumb Code     0  startup_stm32l431xx.o(.text)
    DMA1_Channel1_IRQHandler                 0x080001bb   Thumb Code     0  startup_stm32l431xx.o(.text)
    DMA1_Channel2_IRQHandler                 0x080001bb   Thumb Code     0  startup_stm32l431xx.o(.text)
    DMA1_Channel3_IRQHandler                 0x080001bb   Thumb Code     0  startup_stm32l431xx.o(.text)
    DMA1_Channel4_IRQHandler                 0x080001bb   Thumb Code     0  startup_stm32l431xx.o(.text)
    DMA1_Channel5_IRQHandler                 0x080001bb   Thumb Code     0  startup_stm32l431xx.o(.text)
    DMA1_Channel6_IRQHandler                 0x080001bb   Thumb Code     0  startup_stm32l431xx.o(.text)
    DMA1_Channel7_IRQHandler                 0x080001bb   Thumb Code     0  startup_stm32l431xx.o(.text)
    DMA2_Channel1_IRQHandler                 0x080001bb   Thumb Code     0  startup_stm32l431xx.o(.text)
    DMA2_Channel2_IRQHandler                 0x080001bb   Thumb Code     0  startup_stm32l431xx.o(.text)
    DMA2_Channel3_IRQHandler                 0x080001bb   Thumb Code     0  startup_stm32l431xx.o(.text)
    DMA2_Channel4_IRQHandler                 0x080001bb   Thumb Code     0  startup_stm32l431xx.o(.text)
    DMA2_Channel5_IRQHandler                 0x080001bb   Thumb Code     0  startup_stm32l431xx.o(.text)
    DMA2_Channel6_IRQHandler                 0x080001bb   Thumb Code     0  startup_stm32l431xx.o(.text)
    DMA2_Channel7_IRQHandler                 0x080001bb   Thumb Code     0  startup_stm32l431xx.o(.text)
    EXTI15_10_IRQHandler                     0x080001bb   Thumb Code     0  startup_stm32l431xx.o(.text)
    EXTI4_IRQHandler                         0x080001bb   Thumb Code     0  startup_stm32l431xx.o(.text)
    EXTI9_5_IRQHandler                       0x080001bb   Thumb Code     0  startup_stm32l431xx.o(.text)
    FLASH_IRQHandler                         0x080001bb   Thumb Code     0  startup_stm32l431xx.o(.text)
    FPU_IRQHandler                           0x080001bb   Thumb Code     0  startup_stm32l431xx.o(.text)
    I2C1_ER_IRQHandler                       0x080001bb   Thumb Code     0  startup_stm32l431xx.o(.text)
    I2C1_EV_IRQHandler                       0x080001bb   Thumb Code     0  startup_stm32l431xx.o(.text)
    I2C2_ER_IRQHandler                       0x080001bb   Thumb Code     0  startup_stm32l431xx.o(.text)
    I2C2_EV_IRQHandler                       0x080001bb   Thumb Code     0  startup_stm32l431xx.o(.text)
    I2C3_ER_IRQHandler                       0x080001bb   Thumb Code     0  startup_stm32l431xx.o(.text)
    I2C3_EV_IRQHandler                       0x080001bb   Thumb Code     0  startup_stm32l431xx.o(.text)
    LPTIM1_IRQHandler                        0x080001bb   Thumb Code     0  startup_stm32l431xx.o(.text)
    LPTIM2_IRQHandler                        0x080001bb   Thumb Code     0  startup_stm32l431xx.o(.text)
    LPUART1_IRQHandler                       0x080001bb   Thumb Code     0  startup_stm32l431xx.o(.text)
    PVD_PVM_IRQHandler                       0x080001bb   Thumb Code     0  startup_stm32l431xx.o(.text)
    QUADSPI_IRQHandler                       0x080001bb   Thumb Code     0  startup_stm32l431xx.o(.text)
    RCC_IRQHandler                           0x080001bb   Thumb Code     0  startup_stm32l431xx.o(.text)
    RNG_IRQHandler                           0x080001bb   Thumb Code     0  startup_stm32l431xx.o(.text)
    RTC_Alarm_IRQHandler                     0x080001bb   Thumb Code     0  startup_stm32l431xx.o(.text)
    RTC_WKUP_IRQHandler                      0x080001bb   Thumb Code     0  startup_stm32l431xx.o(.text)
    SAI1_IRQHandler                          0x080001bb   Thumb Code     0  startup_stm32l431xx.o(.text)
    SDMMC1_IRQHandler                        0x080001bb   Thumb Code     0  startup_stm32l431xx.o(.text)
    SPI1_IRQHandler                          0x080001bb   Thumb Code     0  startup_stm32l431xx.o(.text)
    SPI2_IRQHandler                          0x080001bb   Thumb Code     0  startup_stm32l431xx.o(.text)
    SPI3_IRQHandler                          0x080001bb   Thumb Code     0  startup_stm32l431xx.o(.text)
    SWPMI1_IRQHandler                        0x080001bb   Thumb Code     0  startup_stm32l431xx.o(.text)
    TAMP_STAMP_IRQHandler                    0x080001bb   Thumb Code     0  startup_stm32l431xx.o(.text)
    TIM1_BRK_TIM15_IRQHandler                0x080001bb   Thumb Code     0  startup_stm32l431xx.o(.text)
    TIM1_CC_IRQHandler                       0x080001bb   Thumb Code     0  startup_stm32l431xx.o(.text)
    TIM1_TRG_COM_IRQHandler                  0x080001bb   Thumb Code     0  startup_stm32l431xx.o(.text)
    TIM1_UP_TIM16_IRQHandler                 0x080001bb   Thumb Code     0  startup_stm32l431xx.o(.text)
    TIM2_IRQHandler                          0x080001bb   Thumb Code     0  startup_stm32l431xx.o(.text)
    TIM6_DAC_IRQHandler                      0x080001bb   Thumb Code     0  startup_stm32l431xx.o(.text)
    TIM7_IRQHandler                          0x080001bb   Thumb Code     0  startup_stm32l431xx.o(.text)
    TSC_IRQHandler                           0x080001bb   Thumb Code     0  startup_stm32l431xx.o(.text)
    USART3_IRQHandler                        0x080001bb   Thumb Code     0  startup_stm32l431xx.o(.text)
    WWDG_IRQHandler                          0x080001bb   Thumb Code     0  startup_stm32l431xx.o(.text)
    __aeabi_uldivmod                         0x080001c5   Thumb Code    98  uldiv.o(.text)
    toupper                                  0x0800022d   Thumb Code    12  toupper.o(.text)
    __aeabi_memset                           0x08000239   Thumb Code    14  memseta.o(.text)
    __aeabi_memset4                          0x08000239   Thumb Code     0  memseta.o(.text)
    __aeabi_memset8                          0x08000239   Thumb Code     0  memseta.o(.text)
    __aeabi_memclr                           0x08000247   Thumb Code     4  memseta.o(.text)
    __aeabi_memclr4                          0x08000247   Thumb Code     0  memseta.o(.text)
    __aeabi_memclr8                          0x08000247   Thumb Code     0  memseta.o(.text)
    _memset$wrapper                          0x0800024b   Thumb Code    18  memseta.o(.text)
    strstr                                   0x0800025d   Thumb Code    36  strstr.o(.text)
    strncpy                                  0x08000281   Thumb Code    24  strncpy.o(.text)
    __aeabi_dadd                             0x08000299   Thumb Code   322  dadd.o(.text)
    __aeabi_dsub                             0x080003db   Thumb Code     6  dadd.o(.text)
    __aeabi_drsub                            0x080003e1   Thumb Code     6  dadd.o(.text)
    __aeabi_dmul                             0x080003f7   Thumb Code   228  dmul.o(.text)
    __aeabi_f2d                              0x080004e1   Thumb Code    38  f2d.o(.text)
    __aeabi_d2f                              0x08000507   Thumb Code    56  d2f.o(.text)
    __aeabi_uidiv                            0x0800053f   Thumb Code     0  uidiv.o(.text)
    __aeabi_uidivmod                         0x0800053f   Thumb Code    44  uidiv.o(.text)
    __aeabi_llsl                             0x0800056b   Thumb Code    30  llshl.o(.text)
    _ll_shift_l                              0x0800056b   Thumb Code     0  llshl.o(.text)
    __aeabi_llsr                             0x08000589   Thumb Code    32  llushr.o(.text)
    _ll_ushift_r                             0x08000589   Thumb Code     0  llushr.o(.text)
    __aeabi_lasr                             0x080005a9   Thumb Code    36  llsshr.o(.text)
    _ll_sshift_r                             0x080005a9   Thumb Code     0  llsshr.o(.text)
    __I$use$fp                               0x080005cd   Thumb Code     0  iusefp.o(.text)
    _float_round                             0x080005cd   Thumb Code    18  fepilogue.o(.text)
    _float_epilogue                          0x080005df   Thumb Code    92  fepilogue.o(.text)
    _double_round                            0x0800063b   Thumb Code    30  depilogue.o(.text)
    _double_epilogue                         0x08000659   Thumb Code   156  depilogue.o(.text)
    __aeabi_ddiv                             0x080006f5   Thumb Code   222  ddiv.o(.text)
    __aeabi_d2ulz                            0x080007d3   Thumb Code    48  dfixul.o(.text)
    __aeabi_cdrcmple                         0x08000805   Thumb Code    48  cdrcmple.o(.text)
    __scatterload                            0x08000835   Thumb Code    28  init.o(.text)
    __scatterload_rt2                        0x08000835   Thumb Code     0  init.o(.text)
    BusFault_Handler                         0x08000ce1   Thumb Code     4  stm32l4xx_it.o(i.BusFault_Handler)
    DebugMon_Handler                         0x08000ce5   Thumb Code     2  stm32l4xx_it.o(i.DebugMon_Handler)
    EXTI0_IRQHandler                         0x08000ce7   Thumb Code    10  stm32l4xx_it.o(i.EXTI0_IRQHandler)
    EXTI1_IRQHandler                         0x08000cf1   Thumb Code    10  stm32l4xx_it.o(i.EXTI1_IRQHandler)
    EXTI2_IRQHandler                         0x08000cfb   Thumb Code    10  stm32l4xx_it.o(i.EXTI2_IRQHandler)
    EXTI3_IRQHandler                         0x08000d05   Thumb Code    10  stm32l4xx_it.o(i.EXTI3_IRQHandler)
    HAL_DMA_Abort                            0x08000d0f   Thumb Code    66  stm32l4xx_hal_dma.o(i.HAL_DMA_Abort)
    HAL_DMA_Abort_IT                         0x08000d51   Thumb Code    88  stm32l4xx_hal_dma.o(i.HAL_DMA_Abort_IT)
    HAL_Delay                                0x08000da9   Thumb Code    32  stm32l4xx_hal.o(i.HAL_Delay)
    HAL_GPIO_EXTI_Callback                   0x08000dc9   Thumb Code    50  main.o(i.HAL_GPIO_EXTI_Callback)
    HAL_GPIO_EXTI_IRQHandler                 0x08000e01   Thumb Code    24  stm32l4xx_hal_gpio.o(i.HAL_GPIO_EXTI_IRQHandler)
    HAL_GPIO_Init                            0x08000e1d   Thumb Code   432  stm32l4xx_hal_gpio.o(i.HAL_GPIO_Init)
    HAL_GPIO_ReadPin                         0x08000fe9   Thumb Code    16  stm32l4xx_hal_gpio.o(i.HAL_GPIO_ReadPin)
    HAL_GPIO_WritePin                        0x08000ff9   Thumb Code    10  stm32l4xx_hal_gpio.o(i.HAL_GPIO_WritePin)
    HAL_GetTick                              0x08001005   Thumb Code     6  stm32l4xx_hal.o(i.HAL_GetTick)
    HAL_I2CEx_ConfigAnalogFilter             0x08001011   Thumb Code   106  stm32l4xx_hal_i2c_ex.o(i.HAL_I2CEx_ConfigAnalogFilter)
    HAL_I2CEx_ConfigDigitalFilter            0x0800107b   Thumb Code   106  stm32l4xx_hal_i2c_ex.o(i.HAL_I2CEx_ConfigDigitalFilter)
    HAL_I2C_Init                             0x080010e5   Thumb Code   192  stm32l4xx_hal_i2c.o(i.HAL_I2C_Init)
    HAL_I2C_Master_Transmit                  0x080011a9   Thumb Code   368  stm32l4xx_hal_i2c.o(i.HAL_I2C_Master_Transmit)
    HAL_I2C_MspInit                          0x0800131d   Thumb Code    76  i2c.o(i.HAL_I2C_MspInit)
    HAL_IncTick                              0x08001375   Thumb Code    12  stm32l4xx_hal.o(i.HAL_IncTick)
    HAL_Init                                 0x08001385   Thumb Code    22  stm32l4xx_hal.o(i.HAL_Init)
    HAL_InitTick                             0x0800139d   Thumb Code    36  stm32l4xx_hal.o(i.HAL_InitTick)
    HAL_MspInit                              0x080013c5   Thumb Code   140  stm32l4xx_hal_msp.o(i.HAL_MspInit)
    HAL_NVIC_EnableIRQ                       0x08001455   Thumb Code    26  stm32l4xx_hal_cortex.o(i.HAL_NVIC_EnableIRQ)
    HAL_NVIC_SetPriority                     0x0800146f   Thumb Code   124  stm32l4xx_hal_cortex.o(i.HAL_NVIC_SetPriority)
    HAL_NVIC_SetPriorityGrouping             0x080014f1   Thumb Code    32  stm32l4xx_hal_cortex.o(i.HAL_NVIC_SetPriorityGrouping)
    HAL_PWREx_ControlVoltageScaling          0x08001519   Thumb Code   128  stm32l4xx_hal_pwr_ex.o(i.HAL_PWREx_ControlVoltageScaling)
    HAL_PWREx_GetVoltageRange                0x080015a5   Thumb Code    10  stm32l4xx_hal_pwr_ex.o(i.HAL_PWREx_GetVoltageRange)
    HAL_RCCEx_PeriphCLKConfig                0x080015b5   Thumb Code   896  stm32l4xx_hal_rcc_ex.o(i.HAL_RCCEx_PeriphCLKConfig)
    HAL_RCC_ClockConfig                      0x0800193d   Thumb Code   458  stm32l4xx_hal_rcc.o(i.HAL_RCC_ClockConfig)
    HAL_RCC_GetHCLKFreq                      0x08001b19   Thumb Code     6  stm32l4xx_hal_rcc.o(i.HAL_RCC_GetHCLKFreq)
    HAL_RCC_GetPCLK1Freq                     0x08001b25   Thumb Code    22  stm32l4xx_hal_rcc.o(i.HAL_RCC_GetPCLK1Freq)
    HAL_RCC_GetPCLK2Freq                     0x08001b45   Thumb Code    22  stm32l4xx_hal_rcc.o(i.HAL_RCC_GetPCLK2Freq)
    HAL_RCC_GetSysClockFreq                  0x08001b65   Thumb Code   252  stm32l4xx_hal_rcc.o(i.HAL_RCC_GetSysClockFreq)
    HAL_RCC_OscConfig                        0x08001c71   Thumb Code  1672  stm32l4xx_hal_rcc.o(i.HAL_RCC_OscConfig)
    HAL_SYSTICK_CLKSourceConfig              0x08002305   Thumb Code    40  stm32l4xx_hal_cortex.o(i.HAL_SYSTICK_CLKSourceConfig)
    HAL_SYSTICK_Callback                     0x0800232d   Thumb Code     2  stm32l4xx_hal_cortex.o(i.HAL_SYSTICK_Callback)
    HAL_SYSTICK_Config                       0x0800232f   Thumb Code    52  stm32l4xx_hal_cortex.o(i.HAL_SYSTICK_Config)
    HAL_SYSTICK_IRQHandler                   0x08002363   Thumb Code     8  stm32l4xx_hal_cortex.o(i.HAL_SYSTICK_IRQHandler)
    HAL_UARTEx_WakeupCallback                0x0800236b   Thumb Code     2  stm32l4xx_hal_uart_ex.o(i.HAL_UARTEx_WakeupCallback)
    HAL_UART_Abort                           0x0800236d   Thumb Code   152  stm32l4xx_hal_uart.o(i.HAL_UART_Abort)
    HAL_UART_ErrorCallback                   0x08002405   Thumb Code     2  stm32l4xx_hal_uart.o(i.HAL_UART_ErrorCallback)
    HAL_UART_IRQHandler                      0x08002409   Thumb Code   402  stm32l4xx_hal_uart.o(i.HAL_UART_IRQHandler)
    HAL_UART_Init                            0x080025a1   Thumb Code   120  stm32l4xx_hal_uart.o(i.HAL_UART_Init)
    HAL_UART_MspInit                         0x08002619   Thumb Code   174  usart.o(i.HAL_UART_MspInit)
    HAL_UART_Receive                         0x080026d9   Thumb Code   272  stm32l4xx_hal_uart.o(i.HAL_UART_Receive)
    HAL_UART_Transmit                        0x080027ef   Thumb Code   200  stm32l4xx_hal_uart.o(i.HAL_UART_Transmit)
    HAL_UART_TxCpltCallback                  0x080028b7   Thumb Code     2  stm32l4xx_hal_uart.o(i.HAL_UART_TxCpltCallback)
    HardFault_Handler                        0x080028b9   Thumb Code     4  stm32l4xx_it.o(i.HardFault_Handler)
    I2c_ReadByte                             0x08002aa7   Thumb Code   162  sht20drv.o(i.I2c_ReadByte)
    I2c_StartCondition                       0x08002b49   Thumb Code    68  sht20drv.o(i.I2c_StartCondition)
    I2c_StopCondition                        0x08002b8d   Thumb Code    68  sht20drv.o(i.I2c_StopCondition)
    I2c_WriteByte                            0x08002bd1   Thumb Code   164  sht20drv.o(i.I2c_WriteByte)
    MX_GPIO_Init                             0x08002c75   Thumb Code   310  gpio.o(i.MX_GPIO_Init)
    MX_I2C2_Init                             0x08002dbd   Thumb Code    88  i2c.o(i.MX_I2C2_Init)
    MX_USART1_UART_Init                      0x08002e31   Thumb Code    60  usart.o(i.MX_USART1_UART_Init)
    MX_USART2_UART_Init                      0x08002e85   Thumb Code    60  usart.o(i.MX_USART2_UART_Init)
    MemManage_Handler                        0x08002ed9   Thumb Code     4  stm32l4xx_it.o(i.MemManage_Handler)
    NMI_Handler                              0x08002edd   Thumb Code     2  stm32l4xx_it.o(i.NMI_Handler)
    OLED_Show_Page1                          0x08002f19   Thumb Code    24  oled.o(i.OLED_Show_Page1)
    OLED_Show_a_Page                         0x08002f49   Thumb Code   218  oled.o(i.OLED_Show_a_Page)
    PendSV_Handler                           0x08003095   Thumb Code     2  stm32l4xx_it.o(i.PendSV_Handler)
    SHT20Init                                0x080032c5   Thumb Code    16  sht20drv.o(i.SHT20Init)
    SHT20Process                             0x080032e1   Thumb Code   190  sht20drv.o(i.SHT20Process)
    SHT2x_CalcRH                             0x080033b1   Thumb Code    82  sht20drv.o(i.SHT2x_CalcRH)
    SHT2x_CalcTemperatureC                   0x08003415   Thumb Code    82  sht20drv.o(i.SHT2x_CalcTemperatureC)
    SHT2x_CheckCrc                           0x08003479   Thumb Code    72  sht20drv.o(i.SHT2x_CheckCrc)
    SHT2x_SoftReset                          0x080034c5   Thumb Code    40  sht20drv.o(i.SHT2x_SoftReset)
    SVC_Handler                              0x080034ed   Thumb Code     2  stm32l4xx_it.o(i.SVC_Handler)
    SetSHT20Itme                             0x080034ef   Thumb Code    52  sht20drv.o(i.SetSHT20Itme)
    SysTick_Handler                          0x08003523   Thumb Code    12  stm32l4xx_it.o(i.SysTick_Handler)
    SystemClock_Config                       0x08003531   Thumb Code   178  main.o(i.SystemClock_Config)
    SystemInit                               0x080035f5   Thumb Code    68  system_stm32l4xx.o(i.SystemInit)
    UART_AdvFeatureConfig                    0x08003645   Thumb Code   248  stm32l4xx_hal_uart.o(i.UART_AdvFeatureConfig)
    UART_CheckIdleState                      0x0800373d   Thumb Code   116  stm32l4xx_hal_uart.o(i.UART_CheckIdleState)
    UART_SetConfig                           0x08003811   Thumb Code  1000  stm32l4xx_hal_uart.o(i.UART_SetConfig)
    UART_WaitOnFlagUntilTimeout              0x08003c23   Thumb Code   108  stm32l4xx_hal_uart.o(i.UART_WaitOnFlagUntilTimeout)
    USART1_IRQHandler                        0x08003c91   Thumb Code    10  stm32l4xx_it.o(i.USART1_IRQHandler)
    USART2_IRQHandler                        0x08003ca1   Thumb Code    10  stm32l4xx_it.o(i.USART2_IRQHandler)
    UsageFault_Handler                       0x08003cb1   Thumb Code     4  stm32l4xx_it.o(i.UsageFault_Handler)
    _Error_Handler                           0x08003cb5   Thumb Code     4  main.o(i._Error_Handler)
    __0sprintf                               0x08003cb9   Thumb Code    34  printfa.o(i.__0sprintf)
    __1sprintf                               0x08003cb9   Thumb Code     0  printfa.o(i.__0sprintf)
    __2sprintf                               0x08003cb9   Thumb Code     0  printfa.o(i.__0sprintf)
    __c89sprintf                             0x08003cb9   Thumb Code     0  printfa.o(i.__0sprintf)
    sprintf                                  0x08003cb9   Thumb Code     0  printfa.o(i.__0sprintf)
    __scatterload_copy                       0x08003ce1   Thumb Code    14  handlers.o(i.__scatterload_copy)
    __scatterload_null                       0x08003cef   Thumb Code     2  handlers.o(i.__scatterload_null)
    __scatterload_zeroinit                   0x08003cf1   Thumb Code    14  handlers.o(i.__scatterload_zeroinit)
    bc95_hexstr_to_byte                      0x080045cb   Thumb Code    98  bc95.o(i.bc95_hexstr_to_byte)
    draw                                     0x0800462d   Thumb Code    54  main.o(i.draw)
    main                                     0x08004669   Thumb Code   520  main.o(i.main)
    u8g_10MicroDelay                         0x080048c1   Thumb Code    12  u8g_arm.o(i.u8g_10MicroDelay)
    u8g_Begin                                0x080048cd   Thumb Code    28  u8g_ll_api.o(i.u8g_Begin)
    u8g_Delay                                0x08004951   Thumb Code    12  u8g_arm.o(i.u8g_Delay)
    u8g_Draw8Pixel                           0x0800495d   Thumb Code    36  u8g_ll_api.o(i.u8g_Draw8Pixel)
    u8g_Draw8PixelLL                         0x08004981   Thumb Code    48  u8g_ll_api.o(i.u8g_Draw8PixelLL)
    u8g_DrawStr                              0x080049b1   Thumb Code    70  u8g_font.o(i.u8g_DrawStr)
    u8g_FirstPage                            0x08004a07   Thumb Code    14  u8g_ll_api.o(i.u8g_FirstPage)
    u8g_FirstPageLL                          0x08004a15   Thumb Code    52  u8g_ll_api.o(i.u8g_FirstPageLL)
    u8g_GetGlyph                             0x08004a49   Thumb Code   196  u8g_font.o(i.u8g_GetGlyph)
    u8g_GetHeightLL                          0x08004b13   Thumb Code    24  u8g_ll_api.o(i.u8g_GetHeightLL)
    u8g_GetModeLL                            0x08004b2b   Thumb Code    20  u8g_ll_api.o(i.u8g_GetModeLL)
    u8g_GetWidthLL                           0x08004b3f   Thumb Code    24  u8g_ll_api.o(i.u8g_GetWidthLL)
    u8g_InitCom                              0x08004b57   Thumb Code    26  u8g_com_api.o(i.u8g_InitCom)
    u8g_InitComFn                            0x08004b71   Thumb Code    28  u8g_ll_api.o(i.u8g_InitComFn)
    u8g_InitLL                               0x08004b8d   Thumb Code    42  u8g_ll_api.o(i.u8g_InitLL)
    u8g_IsBBXIntersection                    0x08004bb7   Thumb Code    82  u8g_clip.o(i.u8g_IsBBXIntersection)
    u8g_MicroDelay                           0x08004c09   Thumb Code    12  u8g_arm.o(i.u8g_MicroDelay)
    u8g_NextPage                             0x08004c15   Thumb Code    24  u8g_ll_api.o(i.u8g_NextPage)
    u8g_NextPageLL                           0x08004c2d   Thumb Code    58  u8g_ll_api.o(i.u8g_NextPageLL)
    u8g_SetAddress                           0x08004c67   Thumb Code    26  u8g_com_api.o(i.u8g_SetAddress)
    u8g_SetChipSelect                        0x08004c81   Thumb Code    26  u8g_com_api.o(i.u8g_SetChipSelect)
    u8g_SetColorIndex                        0x08004c9b   Thumb Code     6  u8g_ll_api.o(i.u8g_SetColorIndex)
    u8g_SetFont                              0x08004ca1   Thumb Code    28  u8g_font.o(i.u8g_SetFont)
    u8g_SetFontPosBaseline                   0x08004cbd   Thumb Code     6  u8g_font.o(i.u8g_SetFontPosBaseline)
    u8g_SetFontPosTop                        0x08004cc9   Thumb Code     6  u8g_font.o(i.u8g_SetFontPosTop)
    u8g_SetResetHigh                         0x08004cd5   Thumb Code    20  u8g_com_api.o(i.u8g_SetResetHigh)
    u8g_SetResetLow                          0x08004ce9   Thumb Code    20  u8g_com_api.o(i.u8g_SetResetLow)
    u8g_UpdateDimension                      0x08004cfd   Thumb Code    50  u8g_ll_api.o(i.u8g_UpdateDimension)
    u8g_UpdateRefHeight                      0x08004d2f   Thumb Code   132  u8g_font.o(i.u8g_UpdateRefHeight)
    u8g_WriteByte                            0x08004db3   Thumb Code    26  u8g_com_api.o(i.u8g_WriteByte)
    u8g_WriteEscSeqP                         0x08004dcd   Thumb Code   190  u8g_com_api.o(i.u8g_WriteEscSeqP)
    u8g_WriteSequence                        0x08004e8b   Thumb Code    30  u8g_com_api.o(i.u8g_WriteSequence)
    u8g_call_dev_fn                          0x08004ea9   Thumb Code    30  u8g_ll_api.o(i.u8g_call_dev_fn)
    u8g_com_hw_i2c_fn                        0x08004ec9   Thumb Code   156  u8g_arm.o(i.u8g_com_hw_i2c_fn)
    u8g_com_null_fn                          0x08004f6d   Thumb Code    36  u8g_com_null.o(i.u8g_com_null_fn)
    u8g_dev_pb16v1_base_fn                   0x08004f91   Thumb Code   182  u8g_pb16v1.o(i.u8g_dev_pb16v1_base_fn)
    u8g_dev_pb8v1_base_fn                    0x08005047   Thumb Code   182  u8g_pb8v1.o(i.u8g_dev_pb8v1_base_fn)
    u8g_dev_ssd1306_128x32_2x_fn             0x080050fd   Thumb Code   240  u8g_dev_ssd1306_128x32.o(i.u8g_dev_ssd1306_128x32_2x_fn)
    u8g_dev_ssd1306_128x32_fn                0x080051fd   Thumb Code   172  u8g_dev_ssd1306_128x32.o(i.u8g_dev_ssd1306_128x32_fn)
    u8g_draw_glyph                           0x080052b9   Thumb Code   212  u8g_font.o(i.u8g_draw_glyph)
    u8g_font_GetCapitalAHeight               0x08005393   Thumb Code    14  u8g_font.o(i.u8g_font_GetCapitalAHeight)
    u8g_font_GetEncoding65Pos                0x080053a1   Thumb Code    14  u8g_font.o(i.u8g_font_GetEncoding65Pos)
    u8g_font_GetEncoding97Pos                0x080053af   Thumb Code    14  u8g_font.o(i.u8g_font_GetEncoding97Pos)
    u8g_font_GetFontAscent                   0x080053bd   Thumb Code    16  u8g_font.o(i.u8g_font_GetFontAscent)
    u8g_font_GetFontDescent                  0x080053cd   Thumb Code    16  u8g_font.o(i.u8g_font_GetFontDescent)
    u8g_font_GetFontEndEncoding              0x080053dd   Thumb Code    14  u8g_font.o(i.u8g_font_GetFontEndEncoding)
    u8g_font_GetFontStartEncoding            0x08005411   Thumb Code    14  u8g_font.o(i.u8g_font_GetFontStartEncoding)
    u8g_font_GetFontXAscent                  0x0800541f   Thumb Code    16  u8g_font.o(i.u8g_font_GetFontXAscent)
    u8g_font_GetFontXDescent                 0x0800542f   Thumb Code    16  u8g_font.o(i.u8g_font_GetFontXDescent)
    u8g_font_GetLowerGDescent                0x0800545d   Thumb Code    16  u8g_font.o(i.u8g_font_GetLowerGDescent)
    u8g_font_calc_vref_font                  0x0800546d   Thumb Code     6  u8g_font.o(i.u8g_font_calc_vref_font)
    u8g_font_calc_vref_top                   0x08005473   Thumb Code    12  u8g_font.o(i.u8g_font_calc_vref_top)
    u8g_page_First                           0x08005519   Thumb Code    20  u8g_page.o(i.u8g_page_First)
    u8g_page_Next                            0x0800552d   Thumb Code    54  u8g_page.o(i.u8g_page_Next)
    u8g_pb16v1_Clear                         0x08005563   Thumb Code    26  u8g_pb16v1.o(i.u8g_pb16v1_Clear)
    u8g_pb16v1_Set8PixelOpt2                 0x0800557d   Thumb Code    98  u8g_pb16v1.o(i.u8g_pb16v1_Set8PixelOpt2)
    u8g_pb16v1_SetPixel                      0x080055df   Thumb Code    52  u8g_pb16v1.o(i.u8g_pb16v1_SetPixel)
    u8g_pb16v1_set_pixel                     0x08005613   Thumb Code    58  u8g_pb16v1.o(i.u8g_pb16v1_set_pixel)
    u8g_pb8v1_Set8PixelOpt2                  0x0800564d   Thumb Code    98  u8g_pb8v1.o(i.u8g_pb8v1_Set8PixelOpt2)
    u8g_pb8v1_SetPixel                       0x080056af   Thumb Code    52  u8g_pb8v1.o(i.u8g_pb8v1_SetPixel)
    u8g_pb8v1_set_pixel                      0x080056e3   Thumb Code    50  u8g_pb8v1.o(i.u8g_pb8v1_set_pixel)
    u8g_pb_Clear                             0x08005715   Thumb Code    24  u8g_pb.o(i.u8g_pb_Clear)
    u8g_pb_GetPageBox                        0x0800572d   Thumb Code    24  u8g_pb.o(i.u8g_pb_GetPageBox)
    u8g_pb_Is8PixelVisible                   0x08005745   Thumb Code    62  u8g_pb.o(i.u8g_pb_Is8PixelVisible)
    u8g_pb_IsYIntersection                   0x08005783   Thumb Code    64  u8g_pb.o(i.u8g_pb_IsYIntersection)
    u8g_pb_WriteBuffer                       0x080057c3   Thumb Code    22  u8g_pb.o(i.u8g_pb_WriteBuffer)
    u8g_state_dummy_cb                       0x080057d9   Thumb Code     2  u8g_state.o(i.u8g_state_dummy_cb)
    AHBPrescTable                            0x080057dc   Data          16  system_stm32l4xx.o(.constdata)
    APBPrescTable                            0x080057ec   Data           8  system_stm32l4xx.o(.constdata)
    MSIRangeTable                            0x080057f4   Data          48  system_stm32l4xx.o(.constdata)
    u8g_font_profont10                       0x08005824   Data        2560  u8g_font_data.o(.constdata)
    u8g_font_5x7                             0x08006224   Data        1624  u8g_font_data.o(.constdata)
    u8g_font_5x7r                            0x0800687c   Data         789  u8g_font_data.o(.constdata)
    u8g_font_5x8r                            0x08006b91   Data         805  u8g_font_data.o(.constdata)
    Text1                                    0x08006eb6   Data         128  u8g_font_data.o(.constdata)
    Text2                                    0x08006f36   Data         128  u8g_font_data.o(.constdata)
    AT_COM_Test                              0x0800706c   Data          28  bc95_club.o(.constdata)
    AT_COM_BAND                              0x08007088   Data          28  bc95_club.o(.constdata)
    AT_COM_NRB                               0x080070a4   Data          28  bc95_club.o(.constdata)
    AT_COM_NSOCL                             0x080070c0   Data          28  bc95_club.o(.constdata)
    AT_COM_NSOST                             0x080070dc   Data          28  bc95_club.o(.constdata)
    AT_COM_NSOCR                             0x080070f8   Data          28  bc95_club.o(.constdata)
    AT_COM_NCDP                              0x08007114   Data          28  bc95_club.o(.constdata)
    AT_COM_NMGS                              0x08007130   Data          28  bc95_club.o(.constdata)
    AT_COM_Custom_CSQ                        0x0800714c   Data          32  bc95_club.o(.constdata)
    AT_COM_Custom_IP                         0x0800716c   Data          32  bc95_club.o(.constdata)
    AT_COM_Custom_IMEI                       0x0800718c   Data          32  bc95_club.o(.constdata)
    AT_COM_Custom_TIME                       0x080071ac   Data          32  bc95_club.o(.constdata)
    AT_COM_Custom_CSCON                      0x080071cc   Data          32  bc95_club.o(.constdata)
    AT_COM_Custom_CEREG                      0x080071ec   Data          32  bc95_club.o(.constdata)
    AT_COM_Custom_CGATT                      0x0800720c   Data          32  bc95_club.o(.constdata)
    AT_COM_Custom_CFUN                       0x0800722c   Data          32  bc95_club.o(.constdata)
    AT_COM_Custom_NSONMI                     0x0800724c   Data          32  bc95_club.o(.constdata)
    AT_COM_Custom_NSORF                      0x0800726c   Data          32  bc95_club.o(.constdata)
    Region$$Table$$Base                      0x080073f8   Number         0  anon$$obj.o(Region$$Table)
    Region$$Table$$Limit                     0x08007418   Number         0  anon$$obj.o(Region$$Table)
    SystemCoreClock                          0x20000000   Data           4  system_stm32l4xx.o(.data)
    i                                        0x20000004   Data           4  main.o(.data)
    state                                    0x20000008   Data           1  main.o(.data)
    Rcv_buff                                 0x20000009   Data           1  main.o(.data)
    flag                                     0x2000000a   Data           1  main.o(.data)
    Send_buffer                              0x2000000b   Data          14  main.o(.data)
    oledshow                                 0x2000001c   Data           4  main.o(.data)
    now_page                                 0x20000020   Data           1  main.o(.data)
    uwTick                                   0x20000024   Data           4  stm32l4xx_hal.o(.data)
    u8g_dev_ssd1306_128x32_sw_spi_pb         0x2000002c   Data          12  u8g_dev_ssd1306_128x32.o(.data)
    u8g_dev_ssd1306_128x32_sw_spi            0x20000038   Data          12  u8g_dev_ssd1306_128x32.o(.data)
    u8g_dev_ssd1306_128x32_hw_spi_pb         0x20000044   Data          12  u8g_dev_ssd1306_128x32.o(.data)
    u8g_dev_ssd1306_128x32_hw_spi            0x20000050   Data          12  u8g_dev_ssd1306_128x32.o(.data)
    u8g_dev_ssd1306_128x32_i2c_pb            0x2000005c   Data          12  u8g_dev_ssd1306_128x32.o(.data)
    u8g_dev_ssd1306_128x32_i2c               0x20000068   Data          12  u8g_dev_ssd1306_128x32.o(.data)
    u8g_dev_ssd1306_128x32_2x_pb             0x20000074   Data          12  u8g_dev_ssd1306_128x32.o(.data)
    u8g_dev_ssd1306_128x32_2x_sw_spi         0x20000080   Data          12  u8g_dev_ssd1306_128x32.o(.data)
    u8g_dev_ssd1306_128x32_2x_hw_spi         0x2000008c   Data          12  u8g_dev_ssd1306_128x32.o(.data)
    u8g_dev_ssd1306_128x32_2x_i2c            0x20000098   Data          12  u8g_dev_ssd1306_128x32.o(.data)
    POLYNOMIAL                               0x200000a4   Data           2  sht20drv.o(.data)
    SHT20Regiter                             0x200000a6   Data           1  sht20drv.o(.data)
    test                                     0x200000a8   Data           2  sht20drv.o(.data)
    CNT_10ms_SHT20                           0x200000aa   Data           2  sht20drv.o(.data)
    Fg_Item_SHT20                            0x200000ac   Data           2  sht20drv.o(.data)
    Fg_SHT20Reset                            0x200000ae   Data           2  sht20drv.o(.data)
    SHT20Measure                             0x200000b0   Data           8  sht20drv.o(.data)
    huart1                                   0x200000b8   Data         120  usart.o(.bss)
    huart2                                   0x20000130   Data         120  usart.o(.bss)
    u8g                                      0x200001a8   Data          60  main.o(.bss)
    msg_oled_show                            0x200001e4   Data          56  main.o(.bss)
    bc95_net_data                            0x2000021c   Data         220  main.o(.bss)
    Rcv_buffer                               0x200002f8   Data        1024  main.o(.bss)
    hi2c2                                    0x200006f8   Data          76  i2c.o(.bss)
    u8g_dev_ssd1306_128x32_sw_spi_buf        0x20000744   Data         129  u8g_dev_ssd1306_128x32.o(.bss)
    u8g_dev_ssd1306_128x32_hw_spi_buf        0x200007c5   Data         129  u8g_dev_ssd1306_128x32.o(.bss)
    u8g_dev_ssd1306_128x32_i2c_buf           0x20000846   Data         129  u8g_dev_ssd1306_128x32.o(.bss)
    u8g_dev_ssd1306_128x32_2x_buf            0x200008c7   Data         258  u8g_dev_ssd1306_128x32.o(.bss)
    Recv_Data_Buf                            0x200009c9   Data         100  bc95_club.o(.bss)
    __initial_sp                             0x20000e30   Data           0  startup_stm32l431xx.o(STACK)



==============================================================================

Memory Map of the image

  Image Entry point : 0x0800018d

  Load Region LR_IROM1 (Base: 0x08000000, Size: 0x000074d0, Max: 0x00020000, ABSOLUTE)

    Execution Region ER_IROM1 (Base: 0x08000000, Size: 0x00007418, Max: 0x00020000, ABSOLUTE)

    Base Addr    Size         Type   Attr      Idx    E Section Name        Object

    0x08000000   0x0000018c   Data   RO          136    RESET               startup_stm32l431xx.o
    0x0800018c   0x00000000   Code   RO         6107  * .ARM.Collect$$$$00000000  mc_w.l(entry.o)
    0x0800018c   0x00000004   Code   RO         6401    .ARM.Collect$$$$00000001  mc_w.l(entry2.o)
    0x08000190   0x00000004   Code   RO         6404    .ARM.Collect$$$$00000004  mc_w.l(entry5.o)
    0x08000194   0x00000000   Code   RO         6406    .ARM.Collect$$$$00000008  mc_w.l(entry7b.o)
    0x08000194   0x00000000   Code   RO         6408    .ARM.Collect$$$$0000000A  mc_w.l(entry8b.o)
    0x08000194   0x00000008   Code   RO         6409    .ARM.Collect$$$$0000000B  mc_w.l(entry9a.o)
    0x0800019c   0x00000000   Code   RO         6411    .ARM.Collect$$$$0000000D  mc_w.l(entry10a.o)
    0x0800019c   0x00000000   Code   RO         6413    .ARM.Collect$$$$0000000F  mc_w.l(entry11a.o)
    0x0800019c   0x00000004   Code   RO         6402    .ARM.Collect$$$$00002712  mc_w.l(entry2.o)
    0x080001a0   0x00000024   Code   RO          137    .text               startup_stm32l431xx.o
    0x080001c4   0x00000068   Code   RO         6110    .text               mc_w.l(uldiv.o)
    0x0800022c   0x0000000c   Code   RO         6112    .text               mc_w.l(toupper.o)
    0x08000238   0x00000024   Code   RO         6116    .text               mc_w.l(memseta.o)
    0x0800025c   0x00000024   Code   RO         6118    .text               mc_w.l(strstr.o)
    0x08000280   0x00000018   Code   RO         6120    .text               mc_w.l(strncpy.o)
    0x08000298   0x0000015e   Code   RO         6393    .text               mf_w.l(dadd.o)
    0x080003f6   0x000000ea   Code   RO         6395    .text               mf_w.l(dmul.o)
    0x080004e0   0x00000026   Code   RO         6397    .text               mf_w.l(f2d.o)
    0x08000506   0x00000038   Code   RO         6399    .text               mf_w.l(d2f.o)
    0x0800053e   0x0000002c   Code   RO         6416    .text               mc_w.l(uidiv.o)
    0x0800056a   0x0000001e   Code   RO         6418    .text               mc_w.l(llshl.o)
    0x08000588   0x00000020   Code   RO         6420    .text               mc_w.l(llushr.o)
    0x080005a8   0x00000024   Code   RO         6422    .text               mc_w.l(llsshr.o)
    0x080005cc   0x00000000   Code   RO         6430    .text               mc_w.l(iusefp.o)
    0x080005cc   0x0000006e   Code   RO         6431    .text               mf_w.l(fepilogue.o)
    0x0800063a   0x000000ba   Code   RO         6433    .text               mf_w.l(depilogue.o)
    0x080006f4   0x000000de   Code   RO         6435    .text               mf_w.l(ddiv.o)
    0x080007d2   0x00000030   Code   RO         6437    .text               mf_w.l(dfixul.o)
    0x08000802   0x00000002   PAD
    0x08000804   0x00000030   Code   RO         6439    .text               mf_w.l(cdrcmple.o)
    0x08000834   0x00000024   Code   RO         6441    .text               mc_w.l(init.o)
    0x08000858   0x00000052   Code   RO         5721    i.BC95C_Custom_CCLK_Func  bc95_club.o
    0x080008aa   0x00000002   PAD
    0x080008ac   0x00000066   Code   RO         5722    i.BC95C_Custom_CEREG_Func  bc95_club.o
    0x08000912   0x00000002   PAD
    0x08000914   0x00000066   Code   RO         5723    i.BC95C_Custom_CFUN_Func  bc95_club.o
    0x0800097a   0x00000002   PAD
    0x0800097c   0x00000062   Code   RO         5724    i.BC95C_Custom_CGATT_Func  bc95_club.o
    0x080009de   0x00000002   PAD
    0x080009e0   0x00000062   Code   RO         5725    i.BC95C_Custom_CSCON_Func  bc95_club.o
    0x08000a42   0x00000002   PAD
    0x08000a44   0x00000062   Code   RO         5726    i.BC95C_Custom_CSQ_Func  bc95_club.o
    0x08000aa6   0x0000000c   Code   RO         5727    i.BC95C_Custom_IMEI_Func  bc95_club.o
    0x08000ab2   0x00000002   PAD
    0x08000ab4   0x00000046   Code   RO         5728    i.BC95C_Custom_IP_Func  bc95_club.o
    0x08000afa   0x00000002   PAD
    0x08000afc   0x0000005e   Code   RO         5729    i.BC95C_Custom_NSONMI_Func  bc95_club.o
    0x08000b5a   0x00000002   PAD
    0x08000b5c   0x00000056   Code   RO         5730    i.BC95C_Custom_NSORF_Func  bc95_club.o
    0x08000bb2   0x00000002   PAD
    0x08000bb4   0x00000052   Code   RO         5731    i.BC95C_Query_Point_Func  bc95_club.o
    0x08000c06   0x00000002   PAD
    0x08000c08   0x0000006a   Code   RO         5732    i.BC95_Query_Param_OK  bc95_club.o
    0x08000c72   0x00000002   PAD
    0x08000c74   0x0000006c   Code   RO         5733    i.BC95_Send_Data    bc95_club.o
    0x08000ce0   0x00000004   Code   RO          391    i.BusFault_Handler  stm32l4xx_it.o
    0x08000ce4   0x00000002   Code   RO          392    i.DebugMon_Handler  stm32l4xx_it.o
    0x08000ce6   0x0000000a   Code   RO          393    i.EXTI0_IRQHandler  stm32l4xx_it.o
    0x08000cf0   0x0000000a   Code   RO          394    i.EXTI1_IRQHandler  stm32l4xx_it.o
    0x08000cfa   0x0000000a   Code   RO          395    i.EXTI2_IRQHandler  stm32l4xx_it.o
    0x08000d04   0x0000000a   Code   RO          396    i.EXTI3_IRQHandler  stm32l4xx_it.o
    0x08000d0e   0x00000042   Code   RO         2131    i.HAL_DMA_Abort     stm32l4xx_hal_dma.o
    0x08000d50   0x00000058   Code   RO         2132    i.HAL_DMA_Abort_IT  stm32l4xx_hal_dma.o
    0x08000da8   0x00000020   Code   RO         1040    i.HAL_Delay         stm32l4xx_hal.o
    0x08000dc8   0x00000038   Code   RO          229    i.HAL_GPIO_EXTI_Callback  main.o
    0x08000e00   0x0000001c   Code   RO          682    i.HAL_GPIO_EXTI_IRQHandler  stm32l4xx_hal_gpio.o
    0x08000e1c   0x000001cc   Code   RO          683    i.HAL_GPIO_Init     stm32l4xx_hal_gpio.o
    0x08000fe8   0x00000010   Code   RO          685    i.HAL_GPIO_ReadPin  stm32l4xx_hal_gpio.o
    0x08000ff8   0x0000000a   Code   RO          687    i.HAL_GPIO_WritePin  stm32l4xx_hal_gpio.o
    0x08001002   0x00000002   PAD
    0x08001004   0x0000000c   Code   RO         1044    i.HAL_GetTick       stm32l4xx_hal.o
    0x08001010   0x0000006a   Code   RO          626    i.HAL_I2CEx_ConfigAnalogFilter  stm32l4xx_hal_i2c_ex.o
    0x0800107a   0x0000006a   Code   RO          627    i.HAL_I2CEx_ConfigDigitalFilter  stm32l4xx_hal_i2c_ex.o
    0x080010e4   0x000000c4   Code   RO         2236    i.HAL_I2C_Init      stm32l4xx_hal_i2c.o
    0x080011a8   0x00000174   Code   RO         2247    i.HAL_I2C_Master_Transmit  stm32l4xx_hal_i2c.o
    0x0800131c   0x00000058   Code   RO          326    i.HAL_I2C_MspInit   i2c.o
    0x08001374   0x00000010   Code   RO         1048    i.HAL_IncTick       stm32l4xx_hal.o
    0x08001384   0x00000016   Code   RO         1049    i.HAL_Init          stm32l4xx_hal.o
    0x0800139a   0x00000002   PAD
    0x0800139c   0x00000028   Code   RO         1050    i.HAL_InitTick      stm32l4xx_hal.o
    0x080013c4   0x00000090   Code   RO          367    i.HAL_MspInit       stm32l4xx_hal_msp.o
    0x08001454   0x0000001a   Code   RO         2005    i.HAL_NVIC_EnableIRQ  stm32l4xx_hal_cortex.o
    0x0800146e   0x00000082   Code   RO         2011    i.HAL_NVIC_SetPriority  stm32l4xx_hal_cortex.o
    0x080014f0   0x00000028   Code   RO         2012    i.HAL_NVIC_SetPriorityGrouping  stm32l4xx_hal_cortex.o
    0x08001518   0x0000008c   Code   RO         1425    i.HAL_PWREx_ControlVoltageScaling  stm32l4xx_hal_pwr_ex.o
    0x080015a4   0x00000010   Code   RO         1448    i.HAL_PWREx_GetVoltageRange  stm32l4xx_hal_pwr_ex.o
    0x080015b4   0x00000388   Code   RO          882    i.HAL_RCCEx_PeriphCLKConfig  stm32l4xx_hal_rcc_ex.o
    0x0800193c   0x000001dc   Code   RO         1324    i.HAL_RCC_ClockConfig  stm32l4xx_hal_rcc.o
    0x08001b18   0x0000000c   Code   RO         1328    i.HAL_RCC_GetHCLKFreq  stm32l4xx_hal_rcc.o
    0x08001b24   0x00000020   Code   RO         1330    i.HAL_RCC_GetPCLK1Freq  stm32l4xx_hal_rcc.o
    0x08001b44   0x00000020   Code   RO         1331    i.HAL_RCC_GetPCLK2Freq  stm32l4xx_hal_rcc.o
    0x08001b64   0x0000010c   Code   RO         1332    i.HAL_RCC_GetSysClockFreq  stm32l4xx_hal_rcc.o
    0x08001c70   0x00000694   Code   RO         1335    i.HAL_RCC_OscConfig  stm32l4xx_hal_rcc.o
    0x08002304   0x00000028   Code   RO         2014    i.HAL_SYSTICK_CLKSourceConfig  stm32l4xx_hal_cortex.o
    0x0800232c   0x00000002   Code   RO         2015    i.HAL_SYSTICK_Callback  stm32l4xx_hal_cortex.o
    0x0800232e   0x00000034   Code   RO         2016    i.HAL_SYSTICK_Config  stm32l4xx_hal_cortex.o
    0x08002362   0x00000008   Code   RO         2017    i.HAL_SYSTICK_IRQHandler  stm32l4xx_hal_cortex.o
    0x0800236a   0x00000002   Code   RO         1251    i.HAL_UARTEx_WakeupCallback  stm32l4xx_hal_uart_ex.o
    0x0800236c   0x00000098   Code   RO         1619    i.HAL_UART_Abort    stm32l4xx_hal_uart.o
    0x08002404   0x00000002   Code   RO         1632    i.HAL_UART_ErrorCallback  stm32l4xx_hal_uart.o
    0x08002406   0x00000002   PAD
    0x08002408   0x00000198   Code   RO         1635    i.HAL_UART_IRQHandler  stm32l4xx_hal_uart.o
    0x080025a0   0x00000078   Code   RO         1636    i.HAL_UART_Init     stm32l4xx_hal_uart.o
    0x08002618   0x000000c0   Code   RO          145    i.HAL_UART_MspInit  usart.o
    0x080026d8   0x00000116   Code   RO         1639    i.HAL_UART_Receive  stm32l4xx_hal_uart.o
    0x080027ee   0x000000c8   Code   RO         1644    i.HAL_UART_Transmit  stm32l4xx_hal_uart.o
    0x080028b6   0x00000002   Code   RO         1647    i.HAL_UART_TxCpltCallback  stm32l4xx_hal_uart.o
    0x080028b8   0x00000004   Code   RO          397    i.HardFault_Handler  stm32l4xx_it.o
    0x080028bc   0x00000028   Code   RO         2278    i.I2C_Flush_TXDR    stm32l4xx_hal_i2c.o
    0x080028e4   0x0000008c   Code   RO         2286    i.I2C_IsAcknowledgeFailed  stm32l4xx_hal_i2c.o
    0x08002970   0x00000030   Code   RO         2293    i.I2C_TransferConfig  stm32l4xx_hal_i2c.o
    0x080029a0   0x00000056   Code   RO         2294    i.I2C_WaitOnFlagUntilTimeout  stm32l4xx_hal_i2c.o
    0x080029f6   0x00000056   Code   RO         2296    i.I2C_WaitOnSTOPFlagUntilTimeout  stm32l4xx_hal_i2c.o
    0x08002a4c   0x0000005a   Code   RO         2297    i.I2C_WaitOnTXISFlagUntilTimeout  stm32l4xx_hal_i2c.o
    0x08002aa6   0x000000a2   Code   RO         5815    i.I2c_ReadByte      sht20drv.o
    0x08002b48   0x00000044   Code   RO         5816    i.I2c_StartCondition  sht20drv.o
    0x08002b8c   0x00000044   Code   RO         5817    i.I2c_StopCondition  sht20drv.o
    0x08002bd0   0x000000a4   Code   RO         5818    i.I2c_WriteByte     sht20drv.o
    0x08002c74   0x00000148   Code   RO          205    i.MX_GPIO_Init      gpio.o
    0x08002dbc   0x00000074   Code   RO          327    i.MX_I2C2_Init      i2c.o
    0x08002e30   0x00000054   Code   RO          146    i.MX_USART1_UART_Init  usart.o
    0x08002e84   0x00000054   Code   RO          147    i.MX_USART2_UART_Init  usart.o
    0x08002ed8   0x00000004   Code   RO          398    i.MemManage_Handler  stm32l4xx_it.o
    0x08002edc   0x00000002   Code   RO          399    i.NMI_Handler       stm32l4xx_it.o
    0x08002ede   0x00000002   PAD
    0x08002ee0   0x00000010   Code   RO         2018    i.NVIC_GetPriorityGrouping  stm32l4xx_hal_cortex.o
    0x08002ef0   0x00000028   Code   RO         2019    i.NVIC_SetPriority  stm32l4xx_hal_cortex.o
    0x08002f18   0x00000030   Code   RO         5433    i.OLED_Show_Page1   oled.o
    0x08002f48   0x0000014c   Code   RO         5436    i.OLED_Show_a_Page  oled.o
    0x08003094   0x00000002   Code   RO          400    i.PendSV_Handler    stm32l4xx_it.o
    0x08003096   0x00000002   PAD
    0x08003098   0x0000018c   Code   RO          885    i.RCCEx_PLLSAI1_Config  stm32l4xx_hal_rcc_ex.o
    0x08003224   0x000000a0   Code   RO         1336    i.RCC_SetFlashLatencyFromMSIRange  stm32l4xx_hal_rcc.o
    0x080032c4   0x0000001c   Code   RO         5819    i.SHT20Init         sht20drv.o
    0x080032e0   0x000000d0   Code   RO         5820    i.SHT20Process      sht20drv.o
    0x080033b0   0x00000064   Code   RO         5821    i.SHT2x_CalcRH      sht20drv.o
    0x08003414   0x00000064   Code   RO         5822    i.SHT2x_CalcTemperatureC  sht20drv.o
    0x08003478   0x0000004c   Code   RO         5823    i.SHT2x_CheckCrc    sht20drv.o
    0x080034c4   0x00000028   Code   RO         5826    i.SHT2x_SoftReset   sht20drv.o
    0x080034ec   0x00000002   Code   RO          401    i.SVC_Handler       stm32l4xx_it.o
    0x080034ee   0x00000034   Code   RO         5828    i.SetSHT20Itme      sht20drv.o
    0x08003522   0x0000000c   Code   RO          402    i.SysTick_Handler   stm32l4xx_it.o
    0x0800352e   0x00000002   PAD
    0x08003530   0x000000c4   Code   RO          230    i.SystemClock_Config  main.o
    0x080035f4   0x00000050   Code   RO            5    i.SystemInit        system_stm32l4xx.o
    0x08003644   0x000000f8   Code   RO         1649    i.UART_AdvFeatureConfig  stm32l4xx_hal_uart.o
    0x0800373c   0x00000074   Code   RO         1650    i.UART_CheckIdleState  stm32l4xx_hal_uart.o
    0x080037b0   0x00000018   Code   RO         1651    i.UART_DMAAbortOnError  stm32l4xx_hal_uart.o
    0x080037c8   0x00000024   Code   RO         1661    i.UART_EndRxTransfer  stm32l4xx_hal_uart.o
    0x080037ec   0x00000022   Code   RO         1662    i.UART_EndTransmit_IT  stm32l4xx_hal_uart.o
    0x0800380e   0x00000002   PAD
    0x08003810   0x00000412   Code   RO         1666    i.UART_SetConfig    stm32l4xx_hal_uart.o
    0x08003c22   0x0000006c   Code   RO         1669    i.UART_WaitOnFlagUntilTimeout  stm32l4xx_hal_uart.o
    0x08003c8e   0x00000002   PAD
    0x08003c90   0x00000010   Code   RO          403    i.USART1_IRQHandler  stm32l4xx_it.o
    0x08003ca0   0x00000010   Code   RO          404    i.USART2_IRQHandler  stm32l4xx_it.o
    0x08003cb0   0x00000004   Code   RO          405    i.UsageFault_Handler  stm32l4xx_it.o
    0x08003cb4   0x00000004   Code   RO          231    i._Error_Handler    main.o
    0x08003cb8   0x00000028   Code   RO         6361    i.__0sprintf        mc_w.l(printfa.o)
    0x08003ce0   0x0000000e   Code   RO         6452    i.__scatterload_copy  mc_w.l(handlers.o)
    0x08003cee   0x00000002   Code   RO         6453    i.__scatterload_null  mc_w.l(handlers.o)
    0x08003cf0   0x0000000e   Code   RO         6454    i.__scatterload_zeroinit  mc_w.l(handlers.o)
    0x08003cfe   0x00000002   PAD
    0x08003d00   0x0000018a   Code   RO         6366    i._fp_digits        mc_w.l(printfa.o)
    0x08003e8a   0x00000002   PAD
    0x08003e8c   0x000006e2   Code   RO         6367    i._printf_core      mc_w.l(printfa.o)
    0x0800456e   0x00000024   Code   RO         6368    i._printf_post_padding  mc_w.l(printfa.o)
    0x08004592   0x0000002e   Code   RO         6369    i._printf_pre_padding  mc_w.l(printfa.o)
    0x080045c0   0x0000000a   Code   RO         6371    i._sputc            mc_w.l(printfa.o)
    0x080045ca   0x00000062   Code   RO         5490    i.bc95_hexstr_to_byte  bc95.o
    0x0800462c   0x0000003c   Code   RO          233    i.draw              main.o
    0x08004668   0x00000258   Code   RO          234    i.main              main.o
    0x080048c0   0x0000000c   Code   RO         3129    i.u8g_10MicroDelay  u8g_arm.o
    0x080048cc   0x0000001c   Code   RO         3664    i.u8g_Begin         u8g_ll_api.o
    0x080048e8   0x00000068   Code   RO         4936    i.u8g_CopyGlyphDataToCache  u8g_font.o
    0x08004950   0x0000000c   Code   RO         3130    i.u8g_Delay         u8g_arm.o
    0x0800495c   0x00000024   Code   RO         3668    i.u8g_Draw8Pixel    u8g_ll_api.o
    0x08004980   0x00000030   Code   RO         3669    i.u8g_Draw8PixelLL  u8g_ll_api.o
    0x080049b0   0x00000046   Code   RO         4944    i.u8g_DrawStr       u8g_font.o
    0x080049f6   0x00000010   Code   RO         4954    i.u8g_FillEmptyGlyphCache  u8g_font.o
    0x08004a06   0x0000000e   Code   RO         3672    i.u8g_FirstPage     u8g_ll_api.o
    0x08004a14   0x00000034   Code   RO         3673    i.u8g_FirstPageLL   u8g_ll_api.o
    0x08004a48   0x000000ca   Code   RO         4960    i.u8g_GetGlyph      u8g_font.o
    0x08004b12   0x00000018   Code   RO         3678    i.u8g_GetHeightLL   u8g_ll_api.o
    0x08004b2a   0x00000014   Code   RO         3679    i.u8g_GetModeLL     u8g_ll_api.o
    0x08004b3e   0x00000018   Code   RO         3680    i.u8g_GetWidthLL    u8g_ll_api.o
    0x08004b56   0x0000001a   Code   RO         3250    i.u8g_InitCom       u8g_com_api.o
    0x08004b70   0x0000001c   Code   RO         3682    i.u8g_InitComFn     u8g_ll_api.o
    0x08004b8c   0x0000002a   Code   RO         3683    i.u8g_InitLL        u8g_ll_api.o
    0x08004bb6   0x00000052   Code   RO         3233    i.u8g_IsBBXIntersection  u8g_clip.o
    0x08004c08   0x0000000c   Code   RO         3131    i.u8g_MicroDelay    u8g_arm.o
    0x08004c14   0x00000018   Code   RO         3684    i.u8g_NextPage      u8g_ll_api.o
    0x08004c2c   0x0000003a   Code   RO         3685    i.u8g_NextPageLL    u8g_ll_api.o
    0x08004c66   0x0000001a   Code   RO         3251    i.u8g_SetAddress    u8g_com_api.o
    0x08004c80   0x0000001a   Code   RO         3252    i.u8g_SetChipSelect  u8g_com_api.o
    0x08004c9a   0x00000006   Code   RO         3687    i.u8g_SetColorIndex  u8g_ll_api.o
    0x08004ca0   0x0000001c   Code   RO         4971    i.u8g_SetFont       u8g_font.o
    0x08004cbc   0x0000000c   Code   RO         4973    i.u8g_SetFontPosBaseline  u8g_font.o
    0x08004cc8   0x0000000c   Code   RO         4976    i.u8g_SetFontPosTop  u8g_font.o
    0x08004cd4   0x00000014   Code   RO         3253    i.u8g_SetResetHigh  u8g_com_api.o
    0x08004ce8   0x00000014   Code   RO         3254    i.u8g_SetResetLow   u8g_com_api.o
    0x08004cfc   0x00000032   Code   RO         3698    i.u8g_UpdateDimension  u8g_ll_api.o
    0x08004d2e   0x00000084   Code   RO         4980    i.u8g_UpdateRefHeight  u8g_font.o
    0x08004db2   0x0000001a   Code   RO         3256    i.u8g_WriteByte     u8g_com_api.o
    0x08004dcc   0x000000be   Code   RO         3257    i.u8g_WriteEscSeqP  u8g_com_api.o
    0x08004e8a   0x0000001e   Code   RO         3258    i.u8g_WriteSequence  u8g_com_api.o
    0x08004ea8   0x0000001e   Code   RO         3699    i.u8g_call_dev_fn   u8g_ll_api.o
    0x08004ec6   0x00000002   PAD
    0x08004ec8   0x000000a4   Code   RO         3132    i.u8g_com_hw_i2c_fn  u8g_arm.o
    0x08004f6c   0x00000024   Code   RO         3503    i.u8g_com_null_fn   u8g_com_null.o
    0x08004f90   0x000000b6   Code   RO         4347    i.u8g_dev_pb16v1_base_fn  u8g_pb16v1.o
    0x08005046   0x000000b6   Code   RO         4126    i.u8g_dev_pb8v1_base_fn  u8g_pb8v1.o
    0x080050fc   0x00000100   Code   RO         4909    i.u8g_dev_ssd1306_128x32_2x_fn  u8g_dev_ssd1306_128x32.o
    0x080051fc   0x000000bc   Code   RO         4910    i.u8g_dev_ssd1306_128x32_fn  u8g_dev_ssd1306_128x32.o
    0x080052b8   0x000000da   Code   RO         4982    i.u8g_draw_glyph    u8g_font.o
    0x08005392   0x0000000e   Code   RO         4990    i.u8g_font_GetCapitalAHeight  u8g_font.o
    0x080053a0   0x0000000e   Code   RO         4991    i.u8g_font_GetEncoding65Pos  u8g_font.o
    0x080053ae   0x0000000e   Code   RO         4992    i.u8g_font_GetEncoding97Pos  u8g_font.o
    0x080053bc   0x00000010   Code   RO         4993    i.u8g_font_GetFontAscent  u8g_font.o
    0x080053cc   0x00000010   Code   RO         4994    i.u8g_font_GetFontDescent  u8g_font.o
    0x080053dc   0x0000000e   Code   RO         4995    i.u8g_font_GetFontEndEncoding  u8g_font.o
    0x080053ea   0x00000026   Code   RO         4996    i.u8g_font_GetFontGlyphStructureSize  u8g_font.o
    0x08005410   0x0000000e   Code   RO         4997    i.u8g_font_GetFontStartEncoding  u8g_font.o
    0x0800541e   0x00000010   Code   RO         4998    i.u8g_font_GetFontXAscent  u8g_font.o
    0x0800542e   0x00000010   Code   RO         4999    i.u8g_font_GetFontXDescent  u8g_font.o
    0x0800543e   0x0000000e   Code   RO         5000    i.u8g_font_GetFormat  u8g_font.o
    0x0800544c   0x00000010   Code   RO         5001    i.u8g_font_GetGlyphDataStart  u8g_font.o
    0x0800545c   0x00000010   Code   RO         5002    i.u8g_font_GetLowerGDescent  u8g_font.o
    0x0800546c   0x00000006   Code   RO         5011    i.u8g_font_calc_vref_font  u8g_font.o
    0x08005472   0x0000000c   Code   RO         5012    i.u8g_font_calc_vref_top  u8g_font.o
    0x0800547e   0x00000008   Code   RO         5013    i.u8g_font_get_byte  u8g_font.o
    0x08005486   0x00000018   Code   RO         5017    i.u8g_font_get_word  u8g_font.o
    0x0800549e   0x00000002   PAD
    0x080054a0   0x00000048   Code   RO         3700    i.u8g_init_data     u8g_ll_api.o
    0x080054e8   0x00000030   Code   RO         3234    i.u8g_is_intersection_decision_tree  u8g_clip.o
    0x08005518   0x00000014   Code   RO         3891    i.u8g_page_First    u8g_page.o
    0x0800552c   0x00000036   Code   RO         3893    i.u8g_page_Next     u8g_page.o
    0x08005562   0x0000001a   Code   RO         4348    i.u8g_pb16v1_Clear  u8g_pb16v1.o
    0x0800557c   0x00000062   Code   RO         4350    i.u8g_pb16v1_Set8PixelOpt2  u8g_pb16v1.o
    0x080055de   0x00000034   Code   RO         4352    i.u8g_pb16v1_SetPixel  u8g_pb16v1.o
    0x08005612   0x0000003a   Code   RO         4353    i.u8g_pb16v1_set_pixel  u8g_pb16v1.o
    0x0800564c   0x00000062   Code   RO         4128    i.u8g_pb8v1_Set8PixelOpt2  u8g_pb8v1.o
    0x080056ae   0x00000034   Code   RO         4130    i.u8g_pb8v1_SetPixel  u8g_pb8v1.o
    0x080056e2   0x00000032   Code   RO         4131    i.u8g_pb8v1_set_pixel  u8g_pb8v1.o
    0x08005714   0x00000018   Code   RO         3915    i.u8g_pb_Clear      u8g_pb.o
    0x0800572c   0x00000018   Code   RO         3916    i.u8g_pb_GetPageBox  u8g_pb.o
    0x08005744   0x0000003e   Code   RO         3917    i.u8g_pb_Is8PixelVisible  u8g_pb.o
    0x08005782   0x00000040   Code   RO         3920    i.u8g_pb_IsYIntersection  u8g_pb.o
    0x080057c2   0x00000016   Code   RO         3921    i.u8g_pb_WriteBuffer  u8g_pb.o
    0x080057d8   0x00000002   Code   RO         4815    i.u8g_state_dummy_cb  u8g_state.o
    0x080057da   0x00000002   PAD
    0x080057dc   0x00000048   Data   RO            6    .constdata          system_stm32l4xx.o
    0x08005824   0x00001792   Data   RO         3639    .constdata          u8g_font_data.o
    0x08006fb6   0x000000b3   Data   RO         4912    .constdata          u8g_dev_ssd1306_128x32.o
    0x08007069   0x00000003   PAD
    0x0800706c   0x00000220   Data   RO         5735    .constdata          bc95_club.o
    0x0800728c   0x0000016b   Data   RO         5736    .conststring        bc95_club.o
    0x080073f7   0x00000001   PAD
    0x080073f8   0x00000020   Data   RO         6450    Region$$Table       anon$$obj.o


    Execution Region RW_IRAM1 (Base: 0x20000000, Size: 0x00000e30, Max: 0x0000c000, ABSOLUTE)

    Base Addr    Size         Type   Attr      Idx    E Section Name        Object

    0x20000000   0x00000004   Data   RW            7    .data               system_stm32l4xx.o
    0x20000004   0x0000001d   Data   RW          236    .data               main.o
    0x20000021   0x00000003   PAD
    0x20000024   0x00000004   Data   RW         1065    .data               stm32l4xx_hal.o
    0x20000028   0x00000001   Data   RW         3133    .data               u8g_arm.o
    0x20000029   0x00000003   PAD
    0x2000002c   0x00000078   Data   RW         4913    .data               u8g_dev_ssd1306_128x32.o
    0x200000a4   0x00000014   Data   RW         5829    .data               sht20drv.o
    0x200000b8   0x000000f0   Zero   RW          149    .bss                usart.o
    0x200001a8   0x00000550   Zero   RW          235    .bss                main.o
    0x200006f8   0x0000004c   Zero   RW          328    .bss                i2c.o
    0x20000744   0x00000285   Zero   RW         4911    .bss                u8g_dev_ssd1306_128x32.o
    0x200009c9   0x00000064   Zero   RW         5734    .bss                bc95_club.o
    0x20000a2d   0x00000003   PAD
    0x20000a30   0x00000400   Zero   RW          134    STACK               startup_stm32l431xx.o


==============================================================================

Image component sizes


      Code (inc. data)   RO Data    RW Data    ZI Data      Debug   Object Name

        98          0          0          0          0        866   bc95.o
      1138        104        907          0        100      15587   bc95_club.o
       328         18          0          0          0       1135   gpio.o
       204         40          0          0         76       1849   i2c.o
       916        110          0         29       1360      48627   main.o
       380        138          0          0          0       1193   oled.o
      1066         70          0         20          0       9972   sht20drv.o
        36          8        396          0       1024        864   startup_stm32l431xx.o
       122         14          0          4          0       4587   stm32l4xx_hal.o
       354         22          0          0          0      33221   stm32l4xx_hal_cortex.o
       154          0          0          0          0       1931   stm32l4xx_hal_dma.o
       514         32          0          0          0       3978   stm32l4xx_hal_gpio.o
      1058         18          0          0          0       8857   stm32l4xx_hal_i2c.o
       212          0          0          0          0       2131   stm32l4xx_hal_i2c_ex.o
       144          4          0          0          0       1010   stm32l4xx_hal_msp.o
       156         18          0          0          0       1478   stm32l4xx_hal_pwr_ex.o
      2664         98          0          0          0       7612   stm32l4xx_hal_rcc.o
      1300         26          0          0          0       3076   stm32l4xx_hal_rcc_ex.o
      2770         42          0          0          0      12678   stm32l4xx_hal_uart.o
         2          0          0          0          0       1076   stm32l4xx_hal_uart_ex.o
       108         12          0          0          0       7946   stm32l4xx_it.o
        80         12         72          4          0     642101   system_stm32l4xx.o
       200         16          0          1          0       3328   u8g_arm.o
       130          0          0          0          0       1664   u8g_clip.o
       364          0          0          0          0       6251   u8g_com_api.o
        36          8          0          0          0        758   u8g_com_null.o
       444         32        179        120        645      46556   u8g_dev_ssd1306_128x32.o
      1062         12          0          0          0      18509   u8g_font.o
         0          0       6034          0          0      43447   u8g_font_data.o
       556          6          0          0          0      11310   u8g_ll_api.o
        74          0          0          0          0       1577   u8g_page.o
       196          0          0          0          0       3806   u8g_pb.o
       416          0          0          0          0       4296   u8g_pb16v1.o
       382          0          0          0          0       3645   u8g_pb8v1.o
         2          0          0          0          0        561   u8g_state.o
       360         66          0          0        240       2555   usart.o

    ----------------------------------------------------------------------
     18070        926       7624        184       3448     960038   Object Totals
         0          0         32          0          0          0   (incl. Generated)
        44          0          4          6          3          0   (incl. Padding)

    ----------------------------------------------------------------------

      Code (inc. data)   RO Data    RW Data    ZI Data      Debug   Library Member Name

         0          0          0          0          0          0   entry.o
         0          0          0          0          0          0   entry10a.o
         0          0          0          0          0          0   entry11a.o
         8          4          0          0          0          0   entry2.o
         4          0          0          0          0          0   entry5.o
         0          0          0          0          0          0   entry7b.o
         0          0          0          0          0          0   entry8b.o
         8          4          0          0          0          0   entry9a.o
        30          0          0          0          0          0   handlers.o
        36          8          0          0          0         68   init.o
         0          0          0          0          0          0   iusefp.o
        30          0          0          0          0         68   llshl.o
        36          0          0          0          0         68   llsshr.o
        32          0          0          0          0         68   llushr.o
        36          0          0          0          0        108   memseta.o
      2288         86          0          0          0        520   printfa.o
        24          0          0          0          0         76   strncpy.o
        36          0          0          0          0         80   strstr.o
        12          0          0          0          0         68   toupper.o
        44          0          0          0          0         80   uidiv.o
       104          0          0          0          0         92   uldiv.o
        48          0          0          0          0         68   cdrcmple.o
        56          0          0          0          0         88   d2f.o
       350          0          0          0          0        148   dadd.o
       222          0          0          0          0        100   ddiv.o
       186          0          0          0          0        176   depilogue.o
        48          0          0          0          0         68   dfixul.o
       234          0          0          0          0         96   dmul.o
        38          0          0          0          0         68   f2d.o
       110          0          0          0          0        168   fepilogue.o

    ----------------------------------------------------------------------
      4026        102          0          0          0       2276   Library Totals
         6          0          0          0          0          0   (incl. Padding)

    ----------------------------------------------------------------------

      Code (inc. data)   RO Data    RW Data    ZI Data      Debug   Library Name

      2728        102          0          0          0       1296   mc_w.l
      1292          0          0          0          0        980   mf_w.l

    ----------------------------------------------------------------------
      4026        102          0          0          0       2276   Library Totals

    ----------------------------------------------------------------------

==============================================================================


      Code (inc. data)   RO Data    RW Data    ZI Data      Debug   

     22096       1028       7624        184       3448     943274   Grand Totals
     22096       1028       7624        184       3448     943274   ELF Image Totals
     22096       1028       7624        184          0          0   ROM Totals

==============================================================================

    Total RO  Size (Code + RO Data)                29720 (  29.02kB)
    Total RW  Size (RW Data + ZI Data)              3632 (   3.55kB)
    Total ROM Size (Code + RO Data + RW Data)      29904 (  29.20kB)

==============================================================================

